Archive member included to satisfy reference by file (symbol)

/Applications/SEGGER Embedded Studio for ARM 5.20/lib/libc_v7em_fpv4_sp_d16_hard_t_le_eabi.a(libc2.o)
                              Output/Release/Obj/BLE_Demo/nrf_log_str_formatter.o (isprint)
/Applications/SEGGER Embedded Studio for ARM 5.20/lib/libc_v7em_fpv4_sp_d16_hard_t_le_eabi.a(libc2_asm.o)
                              Output/Release/Obj/BLE_Demo/nrf_log_frontend.o (memcpy)
/Applications/SEGGER Embedded Studio for ARM 5.20/lib/libc_v7em_fpv4_sp_d16_hard_t_le_eabi.a(libvfprintf.o)
                              (__vfprintf_long)
/Applications/SEGGER Embedded Studio for ARM 5.20/lib/libc_v7em_fpv4_sp_d16_hard_t_le_eabi.a(libvfscanf.o)
                              (__vfscanf_long)
/Applications/SEGGER Embedded Studio for ARM 5.20/lib/libc_v7em_fpv4_sp_d16_hard_t_le_eabi.a(libc.o)
                              /Applications/SEGGER Embedded Studio for ARM 5.20/lib/libc_v7em_fpv4_sp_d16_hard_t_le_eabi.a(libc2.o) (__heap_lock)
/Applications/SEGGER Embedded Studio for ARM 5.20/lib/libc_v7em_fpv4_sp_d16_hard_t_le_eabi.a(libc_asm.o)
                              /Applications/SEGGER Embedded Studio for ARM 5.20/lib/libc_v7em_fpv4_sp_d16_hard_t_le_eabi.a(libc2.o) (__aeabi_uldivmod)
/Applications/SEGGER Embedded Studio for ARM 5.20/lib/libdebugio_v7em_fpv4_sp_d16_hard_t_le_eabi.a(libdebugio.o)
                              Output/Release/Obj/BLE_Demo/thumb_crt0.o (debug_fopen)
/Applications/SEGGER Embedded Studio for ARM 5.20/lib/libdebugio_v7em_fpv4_sp_d16_hard_t_le_eabi.a(do_nv_debug_operation.o)
                              /Applications/SEGGER Embedded Studio for ARM 5.20/lib/libdebugio_v7em_fpv4_sp_d16_hard_t_le_eabi.a(libdebugio.o) (__do_nvdebug_operation)
/Applications/SEGGER Embedded Studio for ARM 5.20/lib/libdebugio_v7em_fpv4_sp_d16_hard_t_le_eabi.a(mempoll_debug_operations.o)
                              (__do_debug_operation_mempoll)
/Applications/SEGGER Embedded Studio for ARM 5.20/lib/libm_v7em_fpv4_sp_d16_hard_t_le_eabi.a(libm_asm.o)
                              /Applications/SEGGER Embedded Studio for ARM 5.20/lib/libc_v7em_fpv4_sp_d16_hard_t_le_eabi.a(libc2.o) (__aeabi_dadd)
/Applications/SEGGER Embedded Studio for ARM 5.20/lib/libm_v7em_fpv4_sp_d16_hard_t_le_eabi.a(libm2.o)
                              /Applications/SEGGER Embedded Studio for ARM 5.20/lib/libc_v7em_fpv4_sp_d16_hard_t_le_eabi.a(libvfprintf.o) (frexp)

Discarded input sections

 .text          0x0000000000000000        0x0 Output/Release/Obj/BLE_Demo/thumb_crt0.o
 .data          0x0000000000000000        0x0 Output/Release/Obj/BLE_Demo/thumb_crt0.o
 .bss           0x0000000000000000        0x0 Output/Release/Obj/BLE_Demo/thumb_crt0.o
 .text.__aeabi_read_tp
                0x0000000000000000        0x8 Output/Release/Obj/BLE_Demo/thumb_crt0.o
 .text.abort    0x0000000000000000        0x2 Output/Release/Obj/BLE_Demo/thumb_crt0.o
 .text.__assert
                0x0000000000000000        0x2 Output/Release/Obj/BLE_Demo/thumb_crt0.o
 .text.__assert_func
                0x0000000000000000        0x2 Output/Release/Obj/BLE_Demo/thumb_crt0.o
 .text.__aeabi_assert
                0x0000000000000000        0x2 Output/Release/Obj/BLE_Demo/thumb_crt0.o
 .text.__sync_synchronize
                0x0000000000000000        0x2 Output/Release/Obj/BLE_Demo/thumb_crt0.o
 .text.__getchar
                0x0000000000000000        0x4 Output/Release/Obj/BLE_Demo/thumb_crt0.o
 .text.__putchar
                0x0000000000000000        0x4 Output/Release/Obj/BLE_Demo/thumb_crt0.o
 .text.__open   0x0000000000000000        0x4 Output/Release/Obj/BLE_Demo/thumb_crt0.o
 .text.__close  0x0000000000000000        0x4 Output/Release/Obj/BLE_Demo/thumb_crt0.o
 .text.__write  0x0000000000000000        0xa Output/Release/Obj/BLE_Demo/thumb_crt0.o
 .text.__read   0x0000000000000000        0xa Output/Release/Obj/BLE_Demo/thumb_crt0.o
 .text.__seek   0x0000000000000000       0x1a Output/Release/Obj/BLE_Demo/thumb_crt0.o
 .text.remove   0x0000000000000000        0x4 Output/Release/Obj/BLE_Demo/thumb_crt0.o
 .text.rename   0x0000000000000000        0x4 Output/Release/Obj/BLE_Demo/thumb_crt0.o
 .bss.__user_locale_name_buffer
                0x0000000000000000        0x4 Output/Release/Obj/BLE_Demo/thumb_crt0.o
 .stack         0x0000000000000000        0x0 Output/Release/Obj/BLE_Demo/thumb_crt0.o
 .stack_process
                0x0000000000000000        0x0 Output/Release/Obj/BLE_Demo/thumb_crt0.o
 .heap          0x0000000000000000        0x0 Output/Release/Obj/BLE_Demo/thumb_crt0.o
 .group         0x0000000000000000        0xc Output/Release/Obj/BLE_Demo/nrf_log_backend_rtt.o
 .group         0x0000000000000000        0xc Output/Release/Obj/BLE_Demo/nrf_log_backend_rtt.o
 .group         0x0000000000000000        0xc Output/Release/Obj/BLE_Demo/nrf_log_backend_rtt.o
 .group         0x0000000000000000        0xc Output/Release/Obj/BLE_Demo/nrf_log_backend_rtt.o
[...]
Memory Configuration

Name             Origin             Length             Attributes
UNPLACED_SECTIONS 0x0000000100000000 0x0000000000000000 xw
RAM              0x0000000020000000 0x0000000000010000 xw
FLASH            0x0000000000000000 0x0000000000080000 xw
*default*        0x0000000000000000 0xffffffffffffffff

Linker script and memory map

                0x0000000000000000                __do_debug_operation = __do_debug_operation_mempoll
                0x0000000000000000                __vfprintf = __vfprintf_long
                0x0000000000000000                __vfscanf = __vfscanf_long
                0x0000000020000000                __RAM_segment_start__ = 0x20000000
                0x0000000020010000                __RAM_segment_end__ = 0x20010000
                0x0000000000010000                __RAM_segment_size__ = 0x10000
                0x0000000000000000                __FLASH_segment_start__ = 0x0
                0x0000000000080000                __FLASH_segment_end__ = 0x80000
                0x0000000000080000                __FLASH_segment_size__ = 0x80000
                0x0000000000002000                __HEAPSIZE__ = 0x2000
                0x0000000000000000                __STACKSIZE_PROCESS__ = 0x0
                0x0000000000002000                __STACKSIZE__ = 0x2000
START GROUP
LOAD Output/Release/Obj/BLE_Demo/thumb_crt0.o
LOAD Output/Release/Obj/BLE_Demo/nrf_log_backend_rtt.o
LOAD Output/Release/Obj/BLE_Demo/nrf_log_backend_serial.o
LOAD Output/Release/Obj/BLE_Demo/nrf_log_backend_uart.o
LOAD Output/Release/Obj/BLE_Demo/nrf_log_default_backends.o
LOAD Output/Release/Obj/BLE_Demo/nrf_log_frontend.o
LOAD Output/Release/Obj/BLE_Demo/nrf_log_str_formatter.o
LOAD Output/Release/Obj/BLE_Demo/app_button.o
LOAD Output/Release/Obj/BLE_Demo/app_error.o
LOAD Output/Release/Obj/BLE_Demo/app_error_handler_gcc.o
LOAD Output/Release/Obj/BLE_Demo/app_error_weak.o
LOAD Output/Release/Obj/BLE_Demo/app_scheduler.o
LOAD Output/Release/Obj/BLE_Demo/app_timer.o
LOAD Output/Release/Obj/BLE_Demo/app_util_platform.o
LOAD Output/Release/Obj/BLE_Demo/hardfault_implementation.o
LOAD Output/Release/Obj/BLE_Demo/nrf_assert.o
LOAD Output/Release/Obj/BLE_Demo/nrf_atfifo.o
LOAD Output/Release/Obj/BLE_Demo/nrf_atflags.o
LOAD Output/Release/Obj/BLE_Demo/nrf_atomic.o
LOAD Output/Release/Obj/BLE_Demo/nrf_balloc.o
LOAD Output/Release/Obj/BLE_Demo/nrf_fprintf.o
LOAD Output/Release/Obj/BLE_Demo/nrf_fprintf_format.o
LOAD Output/Release/Obj/BLE_Demo/nrf_memobj.o
LOAD Output/Release/Obj/BLE_Demo/nrf_pwr_mgmt.o
LOAD Output/Release/Obj/BLE_Demo/nrf_ringbuf.o
LOAD Output/Release/Obj/BLE_Demo/nrf_section_iter.o
LOAD Output/Release/Obj/BLE_Demo/nrf_strerror.o
LOAD Output/Release/Obj/BLE_Demo/ses_startup_nrf52.o
LOAD Output/Release/Obj/BLE_Demo/ses_startup_nrf_common.o
LOAD Output/Release/Obj/BLE_Demo/system_nrf52.o
LOAD Output/Release/Obj/BLE_Demo/boards.o
LOAD Output/Release/Obj/BLE_Demo/nrf_drv_clock.o
LOAD Output/Release/Obj/BLE_Demo/nrf_drv_uart.o
LOAD Output/Release/Obj/BLE_Demo/nrfx_atomic.o
LOAD Output/Release/Obj/BLE_Demo/nrfx_clock.o
LOAD Output/Release/Obj/BLE_Demo/nrfx_gpiote.o
LOAD Output/Release/Obj/BLE_Demo/nrfx_prs.o
LOAD Output/Release/Obj/BLE_Demo/nrfx_uart.o
LOAD Output/Release/Obj/BLE_Demo/nrfx_uarte.o
LOAD Output/Release/Obj/BLE_Demo/main.o
LOAD Output/Release/Obj/BLE_Demo/SEGGER_RTT.o
LOAD Output/Release/Obj/BLE_Demo/SEGGER_RTT_Syscalls_SES.o
LOAD Output/Release/Obj/BLE_Demo/SEGGER_RTT_printf.o
LOAD Output/Release/Obj/BLE_Demo/ble_advdata.o
LOAD Output/Release/Obj/BLE_Demo/ble_conn_params.o
LOAD Output/Release/Obj/BLE_Demo/ble_conn_state.o
LOAD Output/Release/Obj/BLE_Demo/ble_srv_common.o
LOAD Output/Release/Obj/BLE_Demo/nrf_ble_gatt.o
LOAD Output/Release/Obj/BLE_Demo/nrf_ble_qwr.o
LOAD Output/Release/Obj/BLE_Demo/utf.o
LOAD Output/Release/Obj/BLE_Demo/ble_lbs.o
LOAD Output/Release/Obj/BLE_Demo/nrf_sdh.o
LOAD Output/Release/Obj/BLE_Demo/nrf_sdh_ble.o
LOAD Output/Release/Obj/BLE_Demo/nrf_sdh_soc.o
LOAD /Applications/SEGGER Embedded Studio for ARM 5.20/lib/libm_v7em_fpv4_sp_d16_hard_t_le_eabi.a
LOAD /Applications/SEGGER Embedded Studio for ARM 5.20/lib/libc_v7em_fpv4_sp_d16_hard_t_le_eabi.a
LOAD /Applications/SEGGER Embedded Studio for ARM 5.20/lib/libdebugio_v7em_fpv4_sp_d16_hard_t_le_eabi.a
END GROUP
OUTPUT(Output/Release/Exe/BLE_Demo.elf elf32-littlearm)
LOAD linker stubs

.glue_7         0x0000000100000000        0x0
 .glue_7        0x0000000100000000        0x0 linker stubs

.glue_7t        0x0000000100000000        0x0
 .glue_7t       0x0000000100000000        0x0 linker stubs

.vfp11_veneer   0x0000000100000000        0x0
 .vfp11_veneer  0x0000000100000000        0x0 linker stubs

.v4_bx          0x0000000100000000        0x0
 .v4_bx         0x0000000100000000        0x0 linker stubs

.init           0x0000000100000000      0x1d4
 .init          0x0000000100000000      0x15c Output/Release/Obj/BLE_Demo/thumb_crt0.o
                0x0000000100000000                _start
                0x00000001000000b4                exit
 .init          0x000000010000015c       0x18 Output/Release/Obj/BLE_Demo/ses_startup_nrf52.o
                0x000000010000015c                NMI_Handler
                0x000000010000015e                HardFault_Handler
                0x0000000100000160                MemoryManagement_Handler
                0x0000000100000162                BusFault_Handler
                0x0000000100000164                UsageFault_Handler
                0x0000000100000166                SVC_Handler
                0x0000000100000168                DebugMon_Handler
                0x000000010000016a                PendSV_Handler
                0x000000010000016c                SysTick_Handler
                0x000000010000016e                SPIM0_SPIS0_TWIM0_TWIS0_SPI0_TWI0_IRQHandler
                0x000000010000016e                TIMER4_IRQHandler
                0x000000010000016e                I2S_IRQHandler
                0x000000010000016e                SWI4_EGU4_IRQHandler
                0x000000010000016e                TIMER0_IRQHandler
                0x000000010000016e                Dummy_Handler
                0x000000010000016e                TIMER1_IRQHandler
                0x000000010000016e                PWM2_IRQHandler
                0x000000010000016e                ECB_IRQHandler
                0x000000010000016e                SPIM1_SPIS1_TWIM1_TWIS1_SPI1_TWI1_IRQHandler
                0x000000010000016e                SAADC_IRQHandler
                0x000000010000016e                CCM_AAR_IRQHandler
                0x000000010000016e                WDT_IRQHandler
                0x000000010000016e                SWI5_EGU5_IRQHandler
                0x000000010000016e                RNG_IRQHandler
                0x000000010000016e                RTC2_IRQHandler
                0x000000010000016e                PWM0_IRQHandler
                0x000000010000016e                SWI3_EGU3_IRQHandler
                0x000000010000016e                SWI1_EGU1_IRQHandler
                0x000000010000016e                SPIM2_SPIS2_SPI2_IRQHandler
                0x000000010000016e                NFCT_IRQHandler
                0x000000010000016e                MWU_IRQHandler
                0x000000010000016e                COMP_LPCOMP_IRQHandler
                0x000000010000016e                RTC0_IRQHandler
                0x000000010000016e                PWM1_IRQHandler
                0x000000010000016e                RADIO_IRQHandler
                0x000000010000016e                PDM_IRQHandler
                0x000000010000016e                TEMP_IRQHandler
                0x000000010000016e                QDEC_IRQHandler
                0x000000010000016e                TIMER3_IRQHandler
                0x000000010000016e                FPU_IRQHandler
                0x000000010000016e                TIMER2_IRQHandler
                0x0000000100000170                nRFInitialize
 .init          0x0000000100000174       0x60 Output/Release/Obj/BLE_Demo/ses_startup_nrf_common.o
                0x0000000100000174                Reset_Handler
                0x000000010000019c                InitializeUserMemorySections

.iplt           0x00000001000001d4        0x0
 .iplt          0x00000001000001d4        0x0 Output/Release/Obj/BLE_Demo/thumb_crt0.o

.text.nrf_log_backend_serial_put
                0x00000001000001d4       0xc2
 .text.nrf_log_backend_serial_put
                0x00000001000001d4       0xc2 Output/Release/Obj/BLE_Demo/nrf_log_backend_serial.o
                0x00000001000001d4                nrf_log_backend_serial_put

.text.uart_evt_handler
                0x0000000100000298       0x40
 .text.uart_evt_handler
                0x0000000100000298        0xc Output/Release/Obj/BLE_Demo/nrf_log_backend_uart.o
 .text.uart_evt_handler
                0x00000001000002a4       0x34 Output/Release/Obj/BLE_Demo/nrf_drv_uart.o

.text.nrf_log_backend_uart_flush
                0x00000001000002d8        0x2
 .text.nrf_log_backend_uart_flush
                0x00000001000002d8        0x2 Output/Release/Obj/BLE_Demo/nrf_log_backend_uart.o

.text.uart_init
                0x00000001000002dc       0x5c
 .text.uart_init
                0x00000001000002dc       0x5c Output/Release/Obj/BLE_Demo/nrf_log_backend_uart.o

.text.nrf_log_backend_uart_put
                0x0000000100000338       0x1c
 .text.nrf_log_backend_uart_put
                0x0000000100000338       0x1c Output/Release/Obj/BLE_Demo/nrf_log_backend_uart.o

.text.serial_tx
                0x0000000100000354       0x48
 .text.serial_tx
                0x0000000100000354       0x48 Output/Release/Obj/BLE_Demo/nrf_log_backend_uart.o

.text.nrf_log_backend_uart_panic_set
                0x000000010000039c       0x2c
 .text.nrf_log_backend_uart_panic_set
                0x000000010000039c       0x2c Output/Release/Obj/BLE_Demo/nrf_log_backend_uart.o

.text.nrf_log_backend_uart_init
                0x00000001000003c8        0x6
 .text.nrf_log_backend_uart_init
                0x00000001000003c8        0x6 Output/Release/Obj/BLE_Demo/nrf_log_backend_uart.o
                0x00000001000003c8                nrf_log_backend_uart_init

.text.nrf_log_default_backends_init
                0x00000001000003d0       0x20
 .text.nrf_log_default_backends_init
                0x00000001000003d0       0x20 Output/Release/Obj/BLE_Demo/nrf_log_default_backends.o
                0x00000001000003d0                nrf_log_default_backends_init

.text.invalid_packets_omit
                0x00000001000003f0       0x3a
 .text.invalid_packets_omit
                0x00000001000003f0       0x3a Output/Release/Obj/BLE_Demo/nrf_log_frontend.o

.text.buf_prealloc
                0x000000010000042c      0x138
 .text.buf_prealloc
                0x000000010000042c      0x138 Output/Release/Obj/BLE_Demo/nrf_log_frontend.o

.text.nrf_log_init
                0x0000000100000564       0x3c
 .text.nrf_log_init
                0x0000000100000564       0x3c Output/Release/Obj/BLE_Demo/nrf_log_frontend.o
                0x0000000100000564                nrf_log_init

.text.nrf_log_module_name_get
                0x00000001000005a0       0x38
 .text.nrf_log_module_name_get
                0x00000001000005a0       0x38 Output/Release/Obj/BLE_Demo/nrf_log_frontend.o
                0x00000001000005a0                nrf_log_module_name_get

.text.nrf_log_color_id_get
                0x00000001000005d8       0x2c
 .text.nrf_log_color_id_get
                0x00000001000005d8       0x2c Output/Release/Obj/BLE_Demo/nrf_log_frontend.o
                0x00000001000005d8                nrf_log_color_id_get

.text.buffer_is_empty
                0x0000000100000604       0x14
 .text.buffer_is_empty
                0x0000000100000604       0x14 Output/Release/Obj/BLE_Demo/nrf_log_frontend.o
                0x0000000100000604                buffer_is_empty

.text.nrf_log_frontend_dequeue
                0x0000000100000618      0x220
 .text.nrf_log_frontend_dequeue
                0x0000000100000618      0x220 Output/Release/Obj/BLE_Demo/nrf_log_frontend.o
                0x0000000100000618                nrf_log_frontend_dequeue

.text.std_n     0x0000000100000838       0x98
 .text.std_n    0x0000000100000838       0x98 Output/Release/Obj/BLE_Demo/nrf_log_frontend.o

.text.nrf_log_frontend_std_0
                0x00000001000008d0        0x8
 .text.nrf_log_frontend_std_0
                0x00000001000008d0        0x8 Output/Release/Obj/BLE_Demo/nrf_log_frontend.o
                0x00000001000008d0                nrf_log_frontend_std_0

.text.nrf_log_frontend_std_1
                0x00000001000008d8       0x12
 .text.nrf_log_frontend_std_1
                0x00000001000008d8       0x12 Output/Release/Obj/BLE_Demo/nrf_log_frontend.o
                0x00000001000008d8                nrf_log_frontend_std_1

.text.nrf_log_frontend_std_2
                0x00000001000008ea       0x14
 .text.nrf_log_frontend_std_2
                0x00000001000008ea       0x14 Output/Release/Obj/BLE_Demo/nrf_log_frontend.o
                0x00000001000008ea                nrf_log_frontend_std_2

.text.nrf_log_backend_add
                0x0000000100000900       0x44
 .text.nrf_log_backend_add
                0x0000000100000900       0x44 Output/Release/Obj/BLE_Demo/nrf_log_frontend.o
                0x0000000100000900                nrf_log_backend_add

.text.nrf_log_panic
                0x0000000100000944       0x2c
 .text.nrf_log_panic
                0x0000000100000944       0x2c Output/Release/Obj/BLE_Demo/nrf_log_frontend.o
                0x0000000100000944                nrf_log_panic

.text.postfix_process
                0x0000000100000970       0x44
 .text.postfix_process
                0x0000000100000970       0x44 Output/Release/Obj/BLE_Demo/nrf_log_str_formatter.o

.text.prefix_process
                0x00000001000009b4       0x7c
 .text.prefix_process
                0x00000001000009b4       0x7c Output/Release/Obj/BLE_Demo/nrf_log_str_formatter.o

.text.nrf_log_std_entry_process
                0x0000000100000a30       0xc8
 .text.nrf_log_std_entry_process
                0x0000000100000a30       0xc8 Output/Release/Obj/BLE_Demo/nrf_log_str_formatter.o
                0x0000000100000a30                nrf_log_std_entry_process

.text.nrf_log_hexdump_entry_process
                0x0000000100000af8       0xb8
 .text.nrf_log_hexdump_entry_process
                0x0000000100000af8       0xb8 Output/Release/Obj/BLE_Demo/nrf_log_str_formatter.o
                0x0000000100000af8                nrf_log_hexdump_entry_process

.text.detection_delay_timeout_handler
                0x0000000100000bb0       0xf0
 .text.detection_delay_timeout_handler
                0x0000000100000bb0       0xf0 Output/Release/Obj/BLE_Demo/app_button.o

.text.gpiote_event_handler
                0x0000000100000ca0       0x90
 .text.gpiote_event_handler
                0x0000000100000ca0       0x90 Output/Release/Obj/BLE_Demo/app_button.o

.text.app_button_init
                0x0000000100000d30       0xa8
 .text.app_button_init
                0x0000000100000d30       0xa8 Output/Release/Obj/BLE_Demo/app_button.o
                0x0000000100000d30                app_button_init

.text.app_error_handler_bare
                0x0000000100000dd8       0x1a
 .text.app_error_handler_bare
                0x0000000100000dd8       0x1a Output/Release/Obj/BLE_Demo/app_error.o
                0x0000000100000dd8                app_error_handler_bare

.text.app_error_fault_handler
                0x0000000100000df4       0x70
 .text.app_error_fault_handler
                0x0000000100000df4       0x70 Output/Release/Obj/BLE_Demo/app_error_weak.o
                0x0000000100000df4                app_error_fault_handler

.text.user_op_alloc
                0x0000000100000e64       0x2c
 .text.user_op_alloc
                0x0000000100000e64       0x2c Output/Release/Obj/BLE_Demo/app_timer.o

.text.timer_stop_op_schedule
                0x0000000100000e90       0x50
 .text.timer_stop_op_schedule
                0x0000000100000e90       0x50 Output/Release/Obj/BLE_Demo/app_timer.o

.text.nrfx_coredep_delay_us.part.0.constprop.0
                0x0000000100000ee0       0x10
 .text.nrfx_coredep_delay_us.part.0.constprop.0
                0x0000000100000ee0       0x10 Output/Release/Obj/BLE_Demo/app_timer.o

.text.rtc1_stop
                0x0000000100000ef0       0x44
 .text.rtc1_stop
                0x0000000100000ef0       0x44 Output/Release/Obj/BLE_Demo/app_timer.o

.text.RTC1_IRQHandler
                0x0000000100000f34       0x9c
 .text.RTC1_IRQHandler
                0x0000000100000f34       0x9c Output/Release/Obj/BLE_Demo/app_timer.o
                0x0000000100000f34                RTC1_IRQHandler

.text.SWI0_EGU0_IRQHandler
                0x0000000100000fd0      0x2bc
 .text.SWI0_EGU0_IRQHandler
                0x0000000100000fd0      0x2bc Output/Release/Obj/BLE_Demo/app_timer.o
                0x0000000100000fd0                SWI0_EGU0_IRQHandler

.text.app_timer_init
                0x000000010000128c       0x60
 .text.app_timer_init
                0x000000010000128c       0x60 Output/Release/Obj/BLE_Demo/app_timer.o
                0x000000010000128c                app_timer_init

.text.app_timer_create
                0x00000001000012ec       0x24
 .text.app_timer_create
                0x00000001000012ec       0x24 Output/Release/Obj/BLE_Demo/app_timer.o
                0x00000001000012ec                app_timer_create

.text.app_timer_start
                0x0000000100001310       0x90
 .text.app_timer_start
                0x0000000100001310       0x90 Output/Release/Obj/BLE_Demo/app_timer.o
                0x0000000100001310                app_timer_start

.text.app_timer_stop
                0x00000001000013a0       0x20
 .text.app_timer_stop
                0x00000001000013a0       0x20 Output/Release/Obj/BLE_Demo/app_timer.o
                0x00000001000013a0                app_timer_stop

.text.app_util_critical_region_enter
                0x00000001000013c0       0x48
 .text.app_util_critical_region_enter
                0x00000001000013c0       0x48 Output/Release/Obj/BLE_Demo/app_util_platform.o
                0x00000001000013c0                app_util_critical_region_enter

.text.app_util_critical_region_exit
                0x0000000100001408       0x2c
 .text.app_util_critical_region_exit
                0x0000000100001408       0x2c Output/Release/Obj/BLE_Demo/app_util_platform.o
                0x0000000100001408                app_util_critical_region_exit

.text.nrf_atomic_u32_fetch_store
                0x0000000100001434       0x16
 .text.nrf_atomic_u32_fetch_store
                0x0000000100001434       0x16 Output/Release/Obj/BLE_Demo/nrf_atomic.o
                0x0000000100001434                nrf_atomic_u32_fetch_store

.text.nrf_atomic_u32_or
                0x000000010000144a       0x18
 .text.nrf_atomic_u32_or
                0x000000010000144a       0x18 Output/Release/Obj/BLE_Demo/nrf_atomic.o
                0x000000010000144a                nrf_atomic_u32_or

.text.nrf_atomic_u32_fetch_and
                0x0000000100001462       0x18
 .text.nrf_atomic_u32_fetch_and
                0x0000000100001462       0x18 Output/Release/Obj/BLE_Demo/nrf_atomic.o
                0x0000000100001462                nrf_atomic_u32_fetch_and

.text.nrf_atomic_u32_add
                0x000000010000147a       0x18
 .text.nrf_atomic_u32_add
                0x000000010000147a       0x18 Output/Release/Obj/BLE_Demo/nrf_atomic.o
                0x000000010000147a                nrf_atomic_u32_add

.text.nrf_atomic_u32_sub
                0x0000000100001492       0x18
 .text.nrf_atomic_u32_sub
                0x0000000100001492       0x18 Output/Release/Obj/BLE_Demo/nrf_atomic.o
                0x0000000100001492                nrf_atomic_u32_sub

.text.nrf_atomic_flag_set
                0x00000001000014aa        0x6
 .text.nrf_atomic_flag_set
                0x00000001000014aa        0x6 Output/Release/Obj/BLE_Demo/nrf_atomic.o
                0x00000001000014aa                nrf_atomic_flag_set

.text.nrf_atomic_flag_clear_fetch
                0x00000001000014b0        0x6
 .text.nrf_atomic_flag_clear_fetch
                0x00000001000014b0        0x6 Output/Release/Obj/BLE_Demo/nrf_atomic.o
                0x00000001000014b0                nrf_atomic_flag_clear_fetch

.text.nrf_balloc_init
                0x00000001000014b6       0x2e
 .text.nrf_balloc_init
                0x00000001000014b6       0x2e Output/Release/Obj/BLE_Demo/nrf_balloc.o
                0x00000001000014b6                nrf_balloc_init

.text.nrf_balloc_alloc
                0x00000001000014e4       0x48
 .text.nrf_balloc_alloc
                0x00000001000014e4       0x48 Output/Release/Obj/BLE_Demo/nrf_balloc.o
                0x00000001000014e4                nrf_balloc_alloc

.text.nrf_balloc_free
                0x000000010000152c       0x34
 .text.nrf_balloc_free
                0x000000010000152c       0x34 Output/Release/Obj/BLE_Demo/nrf_balloc.o
                0x000000010000152c                nrf_balloc_free

.text.nrf_fprintf_buffer_flush
                0x0000000100001560       0x16
 .text.nrf_fprintf_buffer_flush
                0x0000000100001560       0x16 Output/Release/Obj/BLE_Demo/nrf_fprintf.o
                0x0000000100001560                nrf_fprintf_buffer_flush

.text.nrf_fprintf
                0x0000000100001576       0x1c
 .text.nrf_fprintf
                0x0000000100001576       0x1c Output/Release/Obj/BLE_Demo/nrf_fprintf.o
                0x0000000100001576                nrf_fprintf

.text.buffer_add
                0x0000000100001592       0x2e
 .text.buffer_add
                0x0000000100001592       0x2e Output/Release/Obj/BLE_Demo/nrf_fprintf_format.o

.text.unsigned_print
                0x00000001000015c0       0xb4
 .text.unsigned_print
                0x00000001000015c0       0xb4 Output/Release/Obj/BLE_Demo/nrf_fprintf_format.o

.text.nrf_fprintf_fmt
                0x0000000100001674      0x29c
 .text.nrf_fprintf_fmt
                0x0000000100001674      0x29c Output/Release/Obj/BLE_Demo/nrf_fprintf_format.o
                0x0000000100001674                nrf_fprintf_fmt

.text.memobj_op
                0x0000000100001910       0x86
 .text.memobj_op
                0x0000000100001910       0x86 Output/Release/Obj/BLE_Demo/nrf_memobj.o

.text.nrf_memobj_pool_init
                0x0000000100001996        0x4
 .text.nrf_memobj_pool_init
                0x0000000100001996        0x4 Output/Release/Obj/BLE_Demo/nrf_memobj.o
                0x0000000100001996                nrf_memobj_pool_init

.text.nrf_memobj_free
                0x000000010000199a       0x2c
 .text.nrf_memobj_free
                0x000000010000199a       0x2c Output/Release/Obj/BLE_Demo/nrf_memobj.o
                0x000000010000199a                nrf_memobj_free

.text.nrf_memobj_alloc
                0x00000001000019c6       0x5e
 .text.nrf_memobj_alloc
                0x00000001000019c6       0x5e Output/Release/Obj/BLE_Demo/nrf_memobj.o
                0x00000001000019c6                nrf_memobj_alloc

.text.nrf_memobj_get
                0x0000000100001a24        0x8
 .text.nrf_memobj_get
                0x0000000100001a24        0x8 Output/Release/Obj/BLE_Demo/nrf_memobj.o
                0x0000000100001a24                nrf_memobj_get

.text.nrf_memobj_put
                0x0000000100001a2c       0x1e
 .text.nrf_memobj_put
                0x0000000100001a2c       0x1e Output/Release/Obj/BLE_Demo/nrf_memobj.o
                0x0000000100001a2c                nrf_memobj_put

.text.nrf_memobj_write
                0x0000000100001a4a       0x14
 .text.nrf_memobj_write
                0x0000000100001a4a       0x14 Output/Release/Obj/BLE_Demo/nrf_memobj.o
                0x0000000100001a4a                nrf_memobj_write

.text.nrf_memobj_read
                0x0000000100001a5e       0x14
 .text.nrf_memobj_read
                0x0000000100001a5e       0x14 Output/Release/Obj/BLE_Demo/nrf_memobj.o
                0x0000000100001a5e                nrf_memobj_read

.text.sd_app_evt_wait
                0x0000000100001a72        0x4
 .text.sd_app_evt_wait
                0x0000000100001a72        0x4 Output/Release/Obj/BLE_Demo/nrf_pwr_mgmt.o

.text.nrf_pwr_mgmt_init
                0x0000000100001a78       0x2c
 .text.nrf_pwr_mgmt_init
                0x0000000100001a78       0x2c Output/Release/Obj/BLE_Demo/nrf_pwr_mgmt.o
                0x0000000100001a78                nrf_pwr_mgmt_init

.text.nrf_pwr_mgmt_run
                0x0000000100001aa4       0x4c
 .text.nrf_pwr_mgmt_run
                0x0000000100001aa4       0x4c Output/Release/Obj/BLE_Demo/nrf_pwr_mgmt.o
                0x0000000100001aa4                nrf_pwr_mgmt_run

.text.nrf_ringbuf_init
                0x0000000100001af0       0x12
 .text.nrf_ringbuf_init
                0x0000000100001af0       0x12 Output/Release/Obj/BLE_Demo/nrf_ringbuf.o
                0x0000000100001af0                nrf_ringbuf_init

.text.nrf_section_iter_init
                0x0000000100001b02       0x14
 .text.nrf_section_iter_init
                0x0000000100001b02       0x14 Output/Release/Obj/BLE_Demo/nrf_section_iter.o
                0x0000000100001b02                nrf_section_iter_init

.text.nrf_section_iter_next
                0x0000000100001b16       0x18
 .text.nrf_section_iter_next
                0x0000000100001b16       0x18 Output/Release/Obj/BLE_Demo/nrf_section_iter.o
                0x0000000100001b16                nrf_section_iter_next

.text.nrf_strerror_find
                0x0000000100001b30       0x3c
 .text.nrf_strerror_find
                0x0000000100001b30       0x3c Output/Release/Obj/BLE_Demo/nrf_strerror.o
                0x0000000100001b30                nrf_strerror_find

.text.nrf_strerror_get
                0x0000000100001b6c       0x14
 .text.nrf_strerror_get
                0x0000000100001b6c       0x14 Output/Release/Obj/BLE_Demo/nrf_strerror.o
                0x0000000100001b6c                nrf_strerror_get

.vectors        0x0000000100001b80      0x200
 .vectors       0x0000000100001b80      0x200 Output/Release/Obj/BLE_Demo/ses_startup_nrf52.o
                0x0000000100001b80                _vectors

.text.errata_12
                0x0000000100001d80       0x40
 .text.errata_12
                0x0000000100001d80       0x40 Output/Release/Obj/BLE_Demo/system_nrf52.o

.text.errata_16
                0x0000000100001dc0       0x34
 .text.errata_16
                0x0000000100001dc0       0x34 Output/Release/Obj/BLE_Demo/system_nrf52.o

.text.SystemInit
                0x0000000100001df4      0x25c
 .text.SystemInit
                0x0000000100001df4      0x25c Output/Release/Obj/BLE_Demo/system_nrf52.o
                0x0000000100001df4                SystemInit

.text.bsp_board_led_on
                0x0000000100002050       0x18
 .text.bsp_board_led_on
                0x0000000100002050       0x18 Output/Release/Obj/BLE_Demo/boards.o
                0x0000000100002050                bsp_board_led_on

.text.bsp_board_led_off
                0x0000000100002068       0x18
 .text.bsp_board_led_off
                0x0000000100002068       0x18 Output/Release/Obj/BLE_Demo/boards.o
                0x0000000100002068                bsp_board_led_off

.text.bsp_board_leds_off
                0x0000000100002080       0x1e
 .text.bsp_board_leds_off
                0x0000000100002080       0x1e Output/Release/Obj/BLE_Demo/boards.o
                0x0000000100002080                bsp_board_leds_off

.text.bsp_board_init
                0x000000010000209e       0x3e
 .text.bsp_board_init
                0x000000010000209e       0x3e Output/Release/Obj/BLE_Demo/boards.o
                0x000000010000209e                bsp_board_init

.text.uarte_evt_handler
                0x00000001000020dc       0x34
 .text.uarte_evt_handler
                0x00000001000020dc       0x34 Output/Release/Obj/BLE_Demo/nrf_drv_uart.o

.text.nrf_drv_uart_init
                0x0000000100002110       0x7c
 .text.nrf_drv_uart_init
                0x0000000100002110       0x7c Output/Release/Obj/BLE_Demo/nrf_drv_uart.o
                0x0000000100002110                nrf_drv_uart_init

.text.POWER_CLOCK_IRQHandler
                0x000000010000218c       0x64
 .text.POWER_CLOCK_IRQHandler
                0x000000010000218c       0x64 Output/Release/Obj/BLE_Demo/nrfx_clock.o
                0x000000010000218c                POWER_CLOCK_IRQHandler

.text.nrf_gpiote_event_clear
                0x00000001000021f0       0x18
 .text.nrf_gpiote_event_clear
                0x00000001000021f0       0x18 Output/Release/Obj/BLE_Demo/nrfx_gpiote.o

.text.nrf_gpio_cfg_sense_set
                0x0000000100002208       0x20
 .text.nrf_gpio_cfg_sense_set
                0x0000000100002208       0x20 Output/Release/Obj/BLE_Demo/nrfx_gpiote.o

.text.channel_free
                0x0000000100002228       0x1c
 .text.channel_free
                0x0000000100002228       0x1c Output/Release/Obj/BLE_Demo/nrfx_gpiote.o

.text.nrfx_gpiote_init
                0x0000000100002244       0x70
 .text.nrfx_gpiote_init
                0x0000000100002244       0x70 Output/Release/Obj/BLE_Demo/nrfx_gpiote.o
                0x0000000100002244                nrfx_gpiote_init

.text.nrfx_gpiote_is_init
                0x00000001000022b4       0x14
 .text.nrfx_gpiote_is_init
                0x00000001000022b4       0x14 Output/Release/Obj/BLE_Demo/nrfx_gpiote.o
                0x00000001000022b4                nrfx_gpiote_is_init

.text.nrfx_gpiote_in_init
                0x00000001000022c8       0xe4
 .text.nrfx_gpiote_in_init
                0x00000001000022c8       0xe4 Output/Release/Obj/BLE_Demo/nrfx_gpiote.o
                0x00000001000022c8                nrfx_gpiote_in_init

.text.nrfx_gpiote_in_is_set
                0x00000001000023ac       0x12
 .text.nrfx_gpiote_in_is_set
                0x00000001000023ac       0x12 Output/Release/Obj/BLE_Demo/nrfx_gpiote.o
                0x00000001000023ac                nrfx_gpiote_in_is_set

.text.GPIOTE_IRQHandler
                0x00000001000023c0      0x184
 .text.GPIOTE_IRQHandler
                0x00000001000023c0      0x184 Output/Release/Obj/BLE_Demo/nrfx_gpiote.o
                0x00000001000023c0                GPIOTE_IRQHandler

.text.UARTE0_UART0_IRQHandler
                0x0000000100002544        0xc
 .text.UARTE0_UART0_IRQHandler
                0x0000000100002544        0xc Output/Release/Obj/BLE_Demo/nrfx_prs.o
                0x0000000100002544                UARTE0_UART0_IRQHandler

.text.nrfx_prs_acquire
                0x0000000100002550       0x44
 .text.nrfx_prs_acquire
                0x0000000100002550       0x44 Output/Release/Obj/BLE_Demo/nrfx_prs.o
                0x0000000100002550                nrfx_prs_acquire

.text.nrfx_prs_release
                0x0000000100002594       0x18
 .text.nrfx_prs_release
                0x0000000100002594       0x18 Output/Release/Obj/BLE_Demo/nrfx_prs.o
                0x0000000100002594                nrfx_prs_release

.text.nrf_uart_event_clear
                0x00000001000025ac       0x10
 .text.nrf_uart_event_clear
                0x00000001000025ac       0x10 Output/Release/Obj/BLE_Demo/nrfx_uart.o

.text.tx_byte   0x00000001000025bc       0x1e
 .text.tx_byte  0x00000001000025bc       0x1e Output/Release/Obj/BLE_Demo/nrfx_uart.o

.text.rx_byte   0x00000001000025da       0x2c
 .text.rx_byte  0x00000001000025da       0x2c Output/Release/Obj/BLE_Demo/nrfx_uart.o

.text.rx_done_event.constprop.0
                0x0000000100002608       0x40
 .text.rx_done_event.constprop.0
                0x0000000100002608       0x20 Output/Release/Obj/BLE_Demo/nrfx_uart.o
 .text.rx_done_event.constprop.0
                0x0000000100002628       0x20 Output/Release/Obj/BLE_Demo/nrfx_uarte.o

.text.nrfx_uart_0_irq_handler
                0x0000000100002648      0x138
 .text.nrfx_uart_0_irq_handler
                0x0000000100002648      0x138 Output/Release/Obj/BLE_Demo/nrfx_uart.o
                0x0000000100002648                nrfx_uart_0_irq_handler

.text.nrfx_uart_init
                0x0000000100002780      0x178
 .text.nrfx_uart_init
                0x0000000100002780      0x178 Output/Release/Obj/BLE_Demo/nrfx_uart.o
                0x0000000100002780                nrfx_uart_init

.text.nrfx_uart_uninit
                0x00000001000028f8       0xc4
 .text.nrfx_uart_uninit
                0x00000001000028f8       0xc4 Output/Release/Obj/BLE_Demo/nrfx_uart.o
                0x00000001000028f8                nrfx_uart_uninit

.text.nrfx_uart_tx
                0x00000001000029bc       0x8c
 .text.nrfx_uart_tx
                0x00000001000029bc       0x8c Output/Release/Obj/BLE_Demo/nrfx_uart.o
                0x00000001000029bc                nrfx_uart_tx

.text.nrf_uarte_event_clear
                0x0000000100002a48       0x10
 .text.nrf_uarte_event_clear
                0x0000000100002a48       0x10 Output/Release/Obj/BLE_Demo/nrfx_uarte.o

.text.nrfx_uarte_0_irq_handler
                0x0000000100002a58       0xe4
 .text.nrfx_uarte_0_irq_handler
                0x0000000100002a58       0xe4 Output/Release/Obj/BLE_Demo/nrfx_uarte.o
                0x0000000100002a58                nrfx_uarte_0_irq_handler

.text.nrfx_uarte_init
                0x0000000100002b3c      0x188
 .text.nrfx_uarte_init
                0x0000000100002b3c      0x188 Output/Release/Obj/BLE_Demo/nrfx_uarte.o
                0x0000000100002b3c                nrfx_uarte_init

.text.nrfx_uarte_uninit
                0x0000000100002cc4       0xc4
 .text.nrfx_uarte_uninit
                0x0000000100002cc4       0xc4 Output/Release/Obj/BLE_Demo/nrfx_uarte.o
                0x0000000100002cc4                nrfx_uarte_uninit

.text.nrfx_uarte_tx
                0x0000000100002d88       0x84
 .text.nrfx_uarte_tx
                0x0000000100002d88       0x84 Output/Release/Obj/BLE_Demo/nrfx_uarte.o
                0x0000000100002d88                nrfx_uarte_tx

.text.sd_ble_gap_adv_set_configure
                0x0000000100002e0c        0x4
 .text.sd_ble_gap_adv_set_configure
                0x0000000100002e0c        0x4 Output/Release/Obj/BLE_Demo/main.o

.text.sd_ble_gap_adv_start
                0x0000000100002e10        0x4
 .text.sd_ble_gap_adv_start
                0x0000000100002e10        0x4 Output/Release/Obj/BLE_Demo/main.o

.text.sd_ble_gap_disconnect
                0x0000000100002e14        0x8
 .text.sd_ble_gap_disconnect
                0x0000000100002e14        0x4 Output/Release/Obj/BLE_Demo/main.o
 .text.sd_ble_gap_disconnect
                0x0000000100002e18        0x4 Output/Release/Obj/BLE_Demo/ble_conn_params.o

.text.sd_ble_gap_ppcp_set
                0x0000000100002e1c        0x8
 .text.sd_ble_gap_ppcp_set
                0x0000000100002e1c        0x4 Output/Release/Obj/BLE_Demo/main.o
 .text.sd_ble_gap_ppcp_set
                0x0000000100002e20        0x4 Output/Release/Obj/BLE_Demo/ble_conn_params.o

.text.sd_ble_gap_device_name_set
                0x0000000100002e24        0x4
 .text.sd_ble_gap_device_name_set
                0x0000000100002e24        0x4 Output/Release/Obj/BLE_Demo/main.o

.text.nrf_qwr_error_handler
                0x0000000100002e28        0x4
 .text.nrf_qwr_error_handler
                0x0000000100002e28        0x4 Output/Release/Obj/BLE_Demo/main.o

.text.advertising_start
                0x0000000100002e2c       0x20
 .text.advertising_start
                0x0000000100002e2c       0x20 Output/Release/Obj/BLE_Demo/main.o

.text.on_conn_params_evt
                0x0000000100002e4c       0x20
 .text.on_conn_params_evt
                0x0000000100002e4c       0x20 Output/Release/Obj/BLE_Demo/main.o

.text.button_event_handler
                0x0000000100002e6c       0x64
 .text.button_event_handler
                0x0000000100002e6c       0x64 Output/Release/Obj/BLE_Demo/main.o

.text.led_write_handler
                0x0000000100002ed0       0x3c
 .text.led_write_handler
                0x0000000100002ed0       0x3c Output/Release/Obj/BLE_Demo/main.o

.text.conn_params_error_handler
                0x0000000100002f0c        0x4
 .text.conn_params_error_handler
                0x0000000100002f0c        0x4 Output/Release/Obj/BLE_Demo/main.o

.text.startup.main
                0x0000000100002f10      0x228
 .text.startup.main
                0x0000000100002f10      0x228 Output/Release/Obj/BLE_Demo/main.o
                0x0000000100002f10                main

.text.sd_ble_gap_addr_get
                0x0000000100003138        0x4
 .text.sd_ble_gap_addr_get
                0x0000000100003138        0x4 Output/Release/Obj/BLE_Demo/ble_advdata.o

.text.sd_ble_gap_appearance_get
                0x000000010000313c        0x4
 .text.sd_ble_gap_appearance_get
                0x000000010000313c        0x4 Output/Release/Obj/BLE_Demo/ble_advdata.o

.text.sd_ble_gap_device_name_get
                0x0000000100003140        0x4
 .text.sd_ble_gap_device_name_get
                0x0000000100003140        0x4 Output/Release/Obj/BLE_Demo/ble_advdata.o

.text.sd_ble_uuid_encode
                0x0000000100003144        0x4
 .text.sd_ble_uuid_encode
                0x0000000100003144        0x4 Output/Release/Obj/BLE_Demo/ble_advdata.o

.text.uuid_list_sized_encode
                0x0000000100003148       0xac
 .text.uuid_list_sized_encode
                0x0000000100003148       0xac Output/Release/Obj/BLE_Demo/ble_advdata.o

.text.uuid_list_encode
                0x00000001000031f4       0x38
 .text.uuid_list_encode
                0x00000001000031f4       0x38 Output/Release/Obj/BLE_Demo/ble_advdata.o

.text.ble_advdata_encode
                0x000000010000322c      0x394
 .text.ble_advdata_encode
                0x000000010000322c      0x394 Output/Release/Obj/BLE_Demo/ble_advdata.o
                0x000000010000322c                ble_advdata_encode

.text.sd_ble_gap_conn_param_update
                0x00000001000035c0        0x4
 .text.sd_ble_gap_conn_param_update
                0x00000001000035c0        0x4 Output/Release/Obj/BLE_Demo/ble_conn_params.o

.text.sd_ble_gap_ppcp_get
                0x00000001000035c4        0x4
 .text.sd_ble_gap_ppcp_get
                0x00000001000035c4        0x4 Output/Release/Obj/BLE_Demo/ble_conn_params.o

.text.instance_get
                0x00000001000035c8       0x14
 .text.instance_get
                0x00000001000035c8       0x14 Output/Release/Obj/BLE_Demo/ble_conn_params.o

.text.send_error_evt
                0x00000001000035dc       0x10
 .text.send_error_evt
                0x00000001000035dc       0x10 Output/Release/Obj/BLE_Demo/ble_conn_params.o

.text.update_timeout_handler
                0x00000001000035ec       0x6c
 .text.update_timeout_handler
                0x00000001000035ec       0x6c Output/Release/Obj/BLE_Demo/ble_conn_params.o

.text.ble_conn_params_init
                0x0000000100003658       0x74
 .text.ble_conn_params_init
                0x0000000100003658       0x74 Output/Release/Obj/BLE_Demo/ble_conn_params.o
                0x0000000100003658                ble_conn_params_init

.text.sd_ble_gatts_characteristic_add
                0x00000001000036cc        0x4
 .text.sd_ble_gatts_characteristic_add
                0x00000001000036cc        0x4 Output/Release/Obj/BLE_Demo/ble_srv_common.o

.text.set_security_req
                0x00000001000036d0       0x2a
 .text.set_security_req
                0x00000001000036d0       0x2a Output/Release/Obj/BLE_Demo/ble_srv_common.o

.text.characteristic_add
                0x00000001000036fa      0x154
 .text.characteristic_add
                0x00000001000036fa      0x154 Output/Release/Obj/BLE_Demo/ble_srv_common.o
                0x00000001000036fa                characteristic_add

.text.nrf_ble_gatt_init
                0x000000010000384e       0x26
 .text.nrf_ble_gatt_init
                0x000000010000384e       0x26 Output/Release/Obj/BLE_Demo/nrf_ble_gatt.o
                0x000000010000384e                nrf_ble_gatt_init

.text.nrf_ble_qwr_init
                0x0000000100003874       0x24
 .text.nrf_ble_qwr_init
                0x0000000100003874       0x24 Output/Release/Obj/BLE_Demo/nrf_ble_qwr.o
                0x0000000100003874                nrf_ble_qwr_init

.text.sd_ble_gatts_service_add
                0x0000000100003898        0x4
 .text.sd_ble_gatts_service_add
                0x0000000100003898        0x4 Output/Release/Obj/BLE_Demo/ble_lbs.o

.text.sd_ble_gatts_hvx
                0x000000010000389c        0x4
 .text.sd_ble_gatts_hvx
                0x000000010000389c        0x4 Output/Release/Obj/BLE_Demo/ble_lbs.o

.text.sd_ble_uuid_vs_add
                0x00000001000038a0        0x4
 .text.sd_ble_uuid_vs_add
                0x00000001000038a0        0x4 Output/Release/Obj/BLE_Demo/ble_lbs.o

.text.ble_lbs_init
                0x00000001000038a4       0xdc
 .text.ble_lbs_init
                0x00000001000038a4       0xdc Output/Release/Obj/BLE_Demo/ble_lbs.o
                0x00000001000038a4                ble_lbs_init

.text.ble_lbs_on_button_change
                0x0000000100003980       0x40
 .text.ble_lbs_on_button_change
                0x0000000100003980       0x40 Output/Release/Obj/BLE_Demo/ble_lbs.o
                0x0000000100003980                ble_lbs_on_button_change

.text.sd_softdevice_enable
                0x00000001000039c0        0x4
 .text.sd_softdevice_enable
                0x00000001000039c0        0x4 Output/Release/Obj/BLE_Demo/nrf_sdh.o

.text.sdh_request_observer_notify
                0x00000001000039c4       0x30
 .text.sdh_request_observer_notify
                0x00000001000039c4       0x30 Output/Release/Obj/BLE_Demo/nrf_sdh.o

.text.sdh_state_observer_notify
                0x00000001000039f4       0x28
 .text.sdh_state_observer_notify
                0x00000001000039f4       0x28 Output/Release/Obj/BLE_Demo/nrf_sdh.o

.text.softdevices_evt_irq_enable
                0x0000000100003a1c       0x38
 .text.softdevices_evt_irq_enable
                0x0000000100003a1c       0x38 Output/Release/Obj/BLE_Demo/nrf_sdh.o

.text.nrf_sdh_enable_request
                0x0000000100003a54       0x7c
 .text.nrf_sdh_enable_request
                0x0000000100003a54       0x7c Output/Release/Obj/BLE_Demo/nrf_sdh.o
                0x0000000100003a54                nrf_sdh_enable_request

.text.nrf_sdh_is_enabled
                0x0000000100003ad0        0xc
 .text.nrf_sdh_is_enabled
                0x0000000100003ad0        0xc Output/Release/Obj/BLE_Demo/nrf_sdh.o
                0x0000000100003ad0                nrf_sdh_is_enabled

.text.nrf_sdh_evts_poll
                0x0000000100003adc       0x28
 .text.nrf_sdh_evts_poll
                0x0000000100003adc       0x28 Output/Release/Obj/BLE_Demo/nrf_sdh.o
                0x0000000100003adc                nrf_sdh_evts_poll

.text.SWI2_EGU2_IRQHandler
                0x0000000100003b04        0x4
 .text.SWI2_EGU2_IRQHandler
                0x0000000100003b04        0x4 Output/Release/Obj/BLE_Demo/nrf_sdh.o
                0x0000000100003b04                SWI2_EGU2_IRQHandler

.text.sd_ble_enable
                0x0000000100003b08        0x4
 .text.sd_ble_enable
                0x0000000100003b08        0x4 Output/Release/Obj/BLE_Demo/nrf_sdh_ble.o

.text.sd_ble_cfg_set
                0x0000000100003b0c        0x4
 .text.sd_ble_cfg_set
                0x0000000100003b0c        0x4 Output/Release/Obj/BLE_Demo/nrf_sdh_ble.o

.text.nrf_sdh_ble_default_cfg_set
                0x0000000100003b10      0x164
 .text.nrf_sdh_ble_default_cfg_set
                0x0000000100003b10      0x164 Output/Release/Obj/BLE_Demo/nrf_sdh_ble.o
                0x0000000100003b10                nrf_sdh_ble_default_cfg_set

.text.nrf_sdh_ble_enable
                0x0000000100003c74       0x98
 .text.nrf_sdh_ble_enable
                0x0000000100003c74       0x98 Output/Release/Obj/BLE_Demo/nrf_sdh_ble.o
                0x0000000100003c74                nrf_sdh_ble_enable

.text.libc.__RAL_ascii_isctype
                0x0000000100003d0c       0x1c
 .text.libc.__RAL_ascii_isctype
                0x0000000100003d0c       0x1c /Applications/SEGGER Embedded Studio for ARM 5.20/lib/libc_v7em_fpv4_sp_d16_hard_t_le_eabi.a(libc2.o)

.text.libc.__RAL_ascii_toupper
                0x0000000100003d28        0xc
 .text.libc.__RAL_ascii_toupper
                0x0000000100003d28        0xc /Applications/SEGGER Embedded Studio for ARM 5.20/lib/libc_v7em_fpv4_sp_d16_hard_t_le_eabi.a(libc2.o)

.text.libc.__RAL_ascii_tolower
                0x0000000100003d34        0xc
 .text.libc.__RAL_ascii_tolower
                0x0000000100003d34        0xc /Applications/SEGGER Embedded Studio for ARM 5.20/lib/libc_v7em_fpv4_sp_d16_hard_t_le_eabi.a(libc2.o)

.text.libc.__RAL_ascii_iswctype
                0x0000000100003d40       0x1c
 .text.libc.__RAL_ascii_iswctype
                0x0000000100003d40       0x1c /Applications/SEGGER Embedded Studio for ARM 5.20/lib/libc_v7em_fpv4_sp_d16_hard_t_le_eabi.a(libc2.o)

.text.libc.__RAL_ascii_towupper
                0x0000000100003d5c        0xc
 .text.libc.__RAL_ascii_towupper
                0x0000000100003d5c        0xc /Applications/SEGGER Embedded Studio for ARM 5.20/lib/libc_v7em_fpv4_sp_d16_hard_t_le_eabi.a(libc2.o)

.text.libc.__RAL_ascii_towlower
                0x0000000100003d68        0xc
 .text.libc.__RAL_ascii_towlower
                0x0000000100003d68        0xc /Applications/SEGGER Embedded Studio for ARM 5.20/lib/libc_v7em_fpv4_sp_d16_hard_t_le_eabi.a(libc2.o)

.text.libc.__RAL_ascii_wctomb
                0x0000000100003d74        0xe
 .text.libc.__RAL_ascii_wctomb
                0x0000000100003d74        0xe /Applications/SEGGER Embedded Studio for ARM 5.20/lib/libc_v7em_fpv4_sp_d16_hard_t_le_eabi.a(libc2.o)
                0x0000000100003d74                __RAL_ascii_wctomb

.text.libc.__RAL_ascii_mbtowc
                0x0000000100003d82       0x24
 .text.libc.__RAL_ascii_mbtowc
                0x0000000100003d82       0x24 /Applications/SEGGER Embedded Studio for ARM 5.20/lib/libc_v7em_fpv4_sp_d16_hard_t_le_eabi.a(libc2.o)
                0x0000000100003d82                __RAL_ascii_mbtowc

.text.libc.__RAL_isctype
                0x0000000100003da8       0x14
 .text.libc.__RAL_isctype
                0x0000000100003da8       0x14 /Applications/SEGGER Embedded Studio for ARM 5.20/lib/libc_v7em_fpv4_sp_d16_hard_t_le_eabi.a(libc2.o)
                0x0000000100003da8                __RAL_isctype

.text.libc.isprint
                0x0000000100003dbc        0xa
 .text.libc.isprint
                0x0000000100003dbc        0xa /Applications/SEGGER Embedded Studio for ARM 5.20/lib/libc_v7em_fpv4_sp_d16_hard_t_le_eabi.a(libc2.o)
                0x0000000100003dbc                isprint

.text.libc.memcpy
                0x0000000100003dc6       0x52
 .text.libc.memcpy
                0x0000000100003dc6       0x52 /Applications/SEGGER Embedded Studio for ARM 5.20/lib/libc_v7em_fpv4_sp_d16_hard_t_le_eabi.a(libc2_asm.o)
                0x0000000100003dc6                memcpy
                0x0000000100003dc6                __aeabi_memcpy
                0x0000000100003dd2                __aeabi_memcpy4
                0x0000000100003dd2                __aeabi_memcpy8

.text.libc.memset
                0x0000000100003e18       0x66
 .text.libc.memset
                0x0000000100003e18       0x66 /Applications/SEGGER Embedded Studio for ARM 5.20/lib/libc_v7em_fpv4_sp_d16_hard_t_le_eabi.a(libc2_asm.o)
                0x0000000100003e18                memset

.text.libc.strlen
                0x0000000100003e7e       0x60
 .text.libc.strlen
                0x0000000100003e7e       0x60 /Applications/SEGGER Embedded Studio for ARM 5.20/lib/libc_v7em_fpv4_sp_d16_hard_t_le_eabi.a(libc2_asm.o)
                0x0000000100003e7e                strlen

.rodata         0x0000000100003ee0       0x34
 .rodata        0x0000000100003ee0       0x20 Output/Release/Obj/BLE_Demo/nrf_log_backend_uart.o
 .rodata        0x0000000100003f00       0x10 Output/Release/Obj/BLE_Demo/ble_lbs.o
 .rodata        0x0000000100003f10        0x4 Output/Release/Obj/BLE_Demo/nrf_sdh.o

.rodata.nrf_log_backend_uart_api
                0x0000000100003f14        0xc
 .rodata.nrf_log_backend_uart_api
                0x0000000100003f14        0xc Output/Release/Obj/BLE_Demo/nrf_log_backend_uart.o
                0x0000000100003f14                nrf_log_backend_uart_api

.rodata.str1.1  0x0000000100003f20      0x42c
 .rodata.str1.1
                0x0000000100003f20       0x11 Output/Release/Obj/BLE_Demo/nrf_log_default_backends.o
 .rodata.str1.1
                0x0000000100003f31        0x4 Output/Release/Obj/BLE_Demo/nrf_log_frontend.o
 .rodata.str1.1
                0x0000000100003f35       0x51 Output/Release/Obj/BLE_Demo/nrf_log_str_formatter.o
 .rodata.str1.1
                0x0000000100003f86      0x3ba Output/Release/Obj/BLE_Demo/nrf_strerror.o
 .rodata.str1.1
                0x0000000100004340        0xc Output/Release/Obj/BLE_Demo/nrf_sdh_ble.o

.log_backends   0x000000010000434c       0x10
 .log_backends  0x000000010000434c       0x10 Output/Release/Obj/BLE_Demo/nrf_log_default_backends.o

.rodata.nrf_log_frontend_dequeue.str1.1
                0x000000010000435c       0x11
 .rodata.nrf_log_frontend_dequeue.str1.1
                0x000000010000435c       0x11 Output/Release/Obj/BLE_Demo/nrf_log_frontend.o

.log_const_data_app
                0x0000000100004370        0x8
 .log_const_data_app
                0x0000000100004370        0x8 Output/Release/Obj/BLE_Demo/nrf_log_frontend.o
                0x0000000100004370                m_nrf_log_app_logs_data_const

.nrf_balloc     0x0000000100004378       0x14
 .nrf_balloc    0x0000000100004378       0x14 Output/Release/Obj/BLE_Demo/nrf_log_frontend.o
                0x0000000100004378                log_mempool

.rodata.m_log_push_ringbuf
                0x000000010000438c        0xc
 .rodata.m_log_push_ringbuf
                0x000000010000438c        0xc Output/Release/Obj/BLE_Demo/nrf_log_frontend.o

.rodata.postfix_process.str1.1
                0x0000000100004398        0xb
 .rodata.postfix_process.str1.1
                0x0000000100004398        0xb Output/Release/Obj/BLE_Demo/nrf_log_str_formatter.o

.rodata.prefix_process.str1.1
                0x00000001000043a3       0x2a
 .rodata.prefix_process.str1.1
                0x00000001000043a3       0x2a Output/Release/Obj/BLE_Demo/nrf_log_str_formatter.o

.rodata.nrf_log_hexdump_entry_process.str1.1
                0x00000001000043cd        0xf
 .rodata.nrf_log_hexdump_entry_process.str1.1
                0x00000001000043cd        0xf Output/Release/Obj/BLE_Demo/nrf_log_str_formatter.o
                                         0x11 (size before relaxing)

.rodata.m_colors
                0x00000001000043dc       0x24
 .rodata.m_colors
                0x00000001000043dc       0x24 Output/Release/Obj/BLE_Demo/nrf_log_str_formatter.o

.rodata.severity_names
                0x0000000100004400       0x14
 .rodata.severity_names
                0x0000000100004400       0x14 Output/Release/Obj/BLE_Demo/nrf_log_str_formatter.o

.rodata.m_detection_delay_timer_id
                0x0000000100004414        0x4
 .rodata.m_detection_delay_timer_id
                0x0000000100004414        0x4 Output/Release/Obj/BLE_Demo/app_button.o

.rodata.app_error_fault_handler.str1.1
                0x0000000100004418       0x19
 .rodata.app_error_fault_handler.str1.1
                0x0000000100004418       0x19 Output/Release/Obj/BLE_Demo/app_error_weak.o

.rodata.delay_machine_code.8403
                0x0000000100004440        0x6
 .rodata.delay_machine_code.8403
                0x0000000100004440        0x6 Output/Release/Obj/BLE_Demo/app_timer.o

.rodata._aV2C.7584
                0x0000000100004446       0x10
 .rodata._aV2C.7584
                0x0000000100004446       0x10 Output/Release/Obj/BLE_Demo/nrf_fprintf_format.o

.rodata.pwr_mgmt_data
                0x0000000100004458        0xc
 .rodata.pwr_mgmt_data
                0x0000000100004458        0xc Output/Release/Obj/BLE_Demo/nrf_pwr_mgmt.o

.rodata.m_unknown_str
                0x0000000100004464       0x13
 .rodata.m_unknown_str
                0x0000000100004464       0x13 Output/Release/Obj/BLE_Demo/nrf_strerror.o

.rodata.nrf_strerror_array
                0x0000000100004478      0x128
 .rodata.nrf_strerror_array
                0x0000000100004478      0x128 Output/Release/Obj/BLE_Demo/nrf_strerror.o

.rodata.m_board_led_list
                0x00000001000045a0        0x4
 .rodata.m_board_led_list
                0x00000001000045a0        0x4 Output/Release/Obj/BLE_Demo/boards.o

.rodata.button_event_handler.str1.1
                0x00000001000045a4       0x1a
 .rodata.button_event_handler.str1.1
                0x00000001000045a4       0x1a Output/Release/Obj/BLE_Demo/main.o

.rodata.led_write_handler.str1.1
                0x00000001000045be       0x23
 .rodata.led_write_handler.str1.1
                0x00000001000045be       0x23 Output/Release/Obj/BLE_Demo/main.o

.rodata.main.str1.1
                0x00000001000045e1       0x27
 .rodata.main.str1.1
                0x00000001000045e1       0x27 Output/Release/Obj/BLE_Demo/main.o

.rodata.sdh_req_observers
                0x0000000100004608        0xc
 .rodata.sdh_req_observers
                0x0000000100004608        0xc Output/Release/Obj/BLE_Demo/nrf_sdh.o

.rodata.sdh_stack_observers
                0x0000000100004614        0xc
 .rodata.sdh_stack_observers
                0x0000000100004614        0xc Output/Release/Obj/BLE_Demo/nrf_sdh.o

.rodata.sdh_state_observers
                0x0000000100004620        0xc
 .rodata.sdh_state_observers
                0x0000000100004620        0xc Output/Release/Obj/BLE_Demo/nrf_sdh.o

.rodata.nrf_sdh_ble_default_cfg_set.str1.1
                0x000000010000462c      0x182
 .rodata.nrf_sdh_ble_default_cfg_set.str1.1
                0x000000010000462c      0x182 Output/Release/Obj/BLE_Demo/nrf_sdh_ble.o

.rodata.nrf_sdh_ble_enable.str1.1
                0x00000001000047ae       0xa7
 .rodata.nrf_sdh_ble_enable.str1.1
                0x00000001000047ae       0xa7 Output/Release/Obj/BLE_Demo/nrf_sdh_ble.o

.log_const_data_nrf_sdh_ble
                0x0000000100004858        0x8
 .log_const_data_nrf_sdh_ble
                0x0000000100004858        0x8 Output/Release/Obj/BLE_Demo/nrf_sdh_ble.o
                0x0000000100004858                m_nrf_log_nrf_sdh_ble_logs_data_const

.rodata.libc.__RAL_find_locale.str1.4
                0x0000000100004860        0xa
 .rodata.libc.__RAL_find_locale.str1.4
                0x0000000100004860        0xa /Applications/SEGGER Embedded Studio for ARM 5.20/lib/libc_v7em_fpv4_sp_d16_hard_t_le_eabi.a(libc2.o)

.rodata.libc.__RAL_ascii_ctype_map
                0x000000010000486c       0x80
 .rodata.libc.__RAL_ascii_ctype_map
                0x000000010000486c       0x80 /Applications/SEGGER Embedded Studio for ARM 5.20/lib/libc_v7em_fpv4_sp_d16_hard_t_le_eabi.a(libc2.o)
                0x000000010000486c                __RAL_ascii_ctype_map

.rodata.libc.__RAL_ascii_ctype_mask
                0x00000001000048ec        0xd
 .rodata.libc.__RAL_ascii_ctype_mask
                0x00000001000048ec        0xd /Applications/SEGGER Embedded Studio for ARM 5.20/lib/libc_v7em_fpv4_sp_d16_hard_t_le_eabi.a(libc2.o)

.rodata.libc.__RAL_c_locale
                0x00000001000048fc        0xc
 .rodata.libc.__RAL_c_locale
                0x00000001000048fc        0xc /Applications/SEGGER Embedded Studio for ARM 5.20/lib/libc_v7em_fpv4_sp_d16_hard_t_le_eabi.a(libc2.o)
                0x00000001000048fc                __RAL_c_locale

.rodata.libc.__RAL_c_locale_abbrev_day_names
                0x0000000100004908       0x1d
 .rodata.libc.__RAL_c_locale_abbrev_day_names
                0x0000000100004908       0x1d /Applications/SEGGER Embedded Studio for ARM 5.20/lib/libc_v7em_fpv4_sp_d16_hard_t_le_eabi.a(libc2.o)
                0x0000000100004908                __RAL_c_locale_abbrev_day_names

.rodata.libc.__RAL_c_locale_abbrev_month_names
                0x0000000100004928       0x31
 .rodata.libc.__RAL_c_locale_abbrev_month_names
                0x0000000100004928       0x31 /Applications/SEGGER Embedded Studio for ARM 5.20/lib/libc_v7em_fpv4_sp_d16_hard_t_le_eabi.a(libc2.o)
                0x0000000100004928                __RAL_c_locale_abbrev_month_names

.rodata.libc.__RAL_c_locale_am_pm_indicator
                0x000000010000495c        0x7
 .rodata.libc.__RAL_c_locale_am_pm_indicator
                0x000000010000495c        0x7 /Applications/SEGGER Embedded Studio for ARM 5.20/lib/libc_v7em_fpv4_sp_d16_hard_t_le_eabi.a(libc2.o)
                0x000000010000495c                __RAL_c_locale_am_pm_indicator

.rodata.libc.__RAL_c_locale_data
                0x0000000100004964       0x58
 .rodata.libc.__RAL_c_locale_data
                0x0000000100004964       0x58 /Applications/SEGGER Embedded Studio for ARM 5.20/lib/libc_v7em_fpv4_sp_d16_hard_t_le_eabi.a(libc2.o)
                0x0000000100004964                __RAL_c_locale_data

.rodata.libc.__RAL_c_locale_date_format
                0x00000001000049bc        0x9
 .rodata.libc.__RAL_c_locale_date_format
                0x00000001000049bc        0x9 /Applications/SEGGER Embedded Studio for ARM 5.20/lib/libc_v7em_fpv4_sp_d16_hard_t_le_eabi.a(libc2.o)
                0x00000001000049bc                __RAL_c_locale_date_format

.rodata.libc.__RAL_c_locale_date_time_format
                0x00000001000049c8        0xf
 .rodata.libc.__RAL_c_locale_date_time_format
                0x00000001000049c8        0xf /Applications/SEGGER Embedded Studio for ARM 5.20/lib/libc_v7em_fpv4_sp_d16_hard_t_le_eabi.a(libc2.o)
                0x00000001000049c8                __RAL_c_locale_date_time_format

.rodata.libc.__RAL_c_locale_day_names
                0x00000001000049d8       0x3a
 .rodata.libc.__RAL_c_locale_day_names
                0x00000001000049d8       0x3a /Applications/SEGGER Embedded Studio for ARM 5.20/lib/libc_v7em_fpv4_sp_d16_hard_t_le_eabi.a(libc2.o)
                0x00000001000049d8                __RAL_c_locale_day_names

.rodata.libc.__RAL_c_locale_month_names
                0x0000000100004a14       0x57
 .rodata.libc.__RAL_c_locale_month_names
                0x0000000100004a14       0x57 /Applications/SEGGER Embedded Studio for ARM 5.20/lib/libc_v7em_fpv4_sp_d16_hard_t_le_eabi.a(libc2.o)
                0x0000000100004a14                __RAL_c_locale_month_names

.rodata.libc.__RAL_c_locale_time_format
                0x0000000100004a6c        0x9
 .rodata.libc.__RAL_c_locale_time_format
                0x0000000100004a6c        0x9 /Applications/SEGGER Embedded Studio for ARM 5.20/lib/libc_v7em_fpv4_sp_d16_hard_t_le_eabi.a(libc2.o)
                0x0000000100004a6c                __RAL_c_locale_time_format

.rodata.libc.__RAL_codeset_ascii
                0x0000000100004a78       0x20
 .rodata.libc.__RAL_codeset_ascii
                0x0000000100004a78       0x20 /Applications/SEGGER Embedded Studio for ARM 5.20/lib/libc_v7em_fpv4_sp_d16_hard_t_le_eabi.a(libc2.o)
                0x0000000100004a78                __RAL_codeset_ascii

.rodata.libc.__RAL_data_empty_string
                0x0000000100004a98        0x1
 .rodata.libc.__RAL_data_empty_string
                0x0000000100004a98        0x1 /Applications/SEGGER Embedded Studio for ARM 5.20/lib/libc_v7em_fpv4_sp_d16_hard_t_le_eabi.a(libc2.o)
                0x0000000100004a98                __RAL_data_empty_string

.rodata.libc.__RAL_data_utf8_period
                0x0000000100004a9c        0x2
 .rodata.libc.__RAL_data_utf8_period
                0x0000000100004a9c        0x2 /Applications/SEGGER Embedded Studio for ARM 5.20/lib/libc_v7em_fpv4_sp_d16_hard_t_le_eabi.a(libc2.o)
                0x0000000100004a9c                __RAL_data_utf8_period

.igot.plt       0x0000000100004aa0        0x0
 .igot.plt      0x0000000100004aa0        0x0 Output/Release/Obj/BLE_Demo/thumb_crt0.o

.data.m_uart    0x0000000100004aa0       0x14
 .data.m_uart   0x0000000100004aa0       0x14 Output/Release/Obj/BLE_Demo/nrf_log_backend_uart.o
                0x0000000100004aa0                m_uart

.data.log_backend_cb_uart_log_backend
                0x0000000100004ab4        0x8
 .data.log_backend_cb_uart_log_backend
                0x0000000100004ab4        0x8 Output/Release/Obj/BLE_Demo/nrf_log_default_backends.o

.data.SystemCoreClock
                0x0000000100004abc        0x4
 .data.SystemCoreClock
                0x0000000100004abc        0x4 Output/Release/Obj/BLE_Demo/system_nrf52.o
                0x0000000100004abc                SystemCoreClock

.data.buttons.10944
                0x0000000100004ac0        0x8
 .data.buttons.10944
                0x0000000100004ac0        0x8 Output/Release/Obj/BLE_Demo/main.o

.data.m_adv_data
                0x0000000100004ac8       0x10
 .data.m_adv_data
                0x0000000100004ac8       0x10 Output/Release/Obj/BLE_Demo/main.o

.data.m_adv_handle
                0x0000000100004ad8        0x1
 .data.m_adv_handle
                0x0000000100004ad8        0x1 Output/Release/Obj/BLE_Demo/main.o

.data.m_conn_handle
                0x0000000100004ada        0x2
 .data.m_conn_handle
                0x0000000100004ada        0x2 Output/Release/Obj/BLE_Demo/main.o

.data.libc.__RAL_global_locale
                0x0000000100004adc       0x14
 .data.libc.__RAL_global_locale
                0x0000000100004adc       0x14 /Applications/SEGGER Embedded Studio for ARM 5.20/lib/libc_v7em_fpv4_sp_d16_hard_t_le_eabi.a(libc2.o)
                0x0000000100004adc                __RAL_global_locale

.rel.dyn        0x0000000000000000        0x0
 .rel.iplt      0x0000000000000000        0x0 Output/Release/Obj/BLE_Demo/thumb_crt0.o

.bss.m_async_mode
                0x0000000100004af0        0x1
 .bss.m_async_mode
                0x0000000100004af0        0x1 Output/Release/Obj/BLE_Demo/nrf_log_backend_uart.o

.bss.m_string_buff
                0x0000000100004af1       0x40
 .bss.m_string_buff
                0x0000000100004af1       0x40 Output/Release/Obj/BLE_Demo/nrf_log_backend_uart.o

.bss.m_xfer_done
                0x0000000100004b31        0x1
 .bss.m_xfer_done
                0x0000000100004b31        0x1 Output/Release/Obj/BLE_Demo/nrf_log_backend_uart.o

.bss.log_mempool_nrf_balloc_cb
                0x0000000100004b34        0x8
 .bss.log_mempool_nrf_balloc_cb
                0x0000000100004b34        0x8 Output/Release/Obj/BLE_Demo/nrf_log_frontend.o

.bss.log_mempool_nrf_balloc_pool_mem
                0x0000000100004b3c       0xc0
 .bss.log_mempool_nrf_balloc_pool_mem
                0x0000000100004b3c       0xc0 Output/Release/Obj/BLE_Demo/nrf_log_frontend.o

.bss.log_mempool_nrf_balloc_pool_stack
                0x0000000100004bfc        0x8
 .bss.log_mempool_nrf_balloc_pool_stack
                0x0000000100004bfc        0x8 Output/Release/Obj/BLE_Demo/nrf_log_frontend.o

.bss.m_log_data
                0x0000000100004c04      0x424
 .bss.m_log_data
                0x0000000100004c04      0x424 Output/Release/Obj/BLE_Demo/nrf_log_frontend.o

.bss.m_log_push_ringbuf_buf
                0x0000000100005028       0x80
 .bss.m_log_push_ringbuf_buf
                0x0000000100005028       0x80 Output/Release/Obj/BLE_Demo/nrf_log_frontend.o

.bss.m_log_push_ringbuf_cb
                0x00000001000050a8       0x18
 .bss.m_log_push_ringbuf_cb
                0x00000001000050a8       0x18 Output/Release/Obj/BLE_Demo/nrf_log_frontend.o

.bss.m_button_count
                0x00000001000050c0        0x1
 .bss.m_button_count
                0x00000001000050c0        0x1 Output/Release/Obj/BLE_Demo/app_button.o

.bss.m_detection_delay
                0x00000001000050c4        0x4
 .bss.m_detection_delay
                0x00000001000050c4        0x4 Output/Release/Obj/BLE_Demo/app_button.o

.bss.m_detection_delay_timer_id_data
                0x00000001000050c8       0x20
 .bss.m_detection_delay_timer_id_data
                0x00000001000050c8       0x20 Output/Release/Obj/BLE_Demo/app_button.o

.bss.m_pin_state
                0x00000001000050e8        0x8
 .bss.m_pin_state
                0x00000001000050e8        0x8 Output/Release/Obj/BLE_Demo/app_button.o

.bss.m_pin_transition
                0x00000001000050f0        0x8
 .bss.m_pin_transition
                0x00000001000050f0        0x8 Output/Release/Obj/BLE_Demo/app_button.o

.bss.mp_buttons
                0x00000001000050f8        0x4
 .bss.mp_buttons
                0x00000001000050f8        0x4 Output/Release/Obj/BLE_Demo/app_button.o

.bss.m_op_queue
                0x00000001000050fc      0x10c
 .bss.m_op_queue
                0x00000001000050fc      0x10c Output/Release/Obj/BLE_Demo/app_timer.o

.bss.m_rtc1_reset
                0x0000000100005208        0x1
 .bss.m_rtc1_reset
                0x0000000100005208        0x1 Output/Release/Obj/BLE_Demo/app_timer.o

.bss.m_rtc1_running
                0x0000000100005209        0x1
 .bss.m_rtc1_running
                0x0000000100005209        0x1 Output/Release/Obj/BLE_Demo/app_timer.o

.bss.m_ticks_elapsed
                0x000000010000520c        0x8
 .bss.m_ticks_elapsed
                0x000000010000520c        0x8 Output/Release/Obj/BLE_Demo/app_timer.o

.bss.m_ticks_elapsed_q_read_ind
                0x0000000100005214        0x1
 .bss.m_ticks_elapsed_q_read_ind
                0x0000000100005214        0x1 Output/Release/Obj/BLE_Demo/app_timer.o

.bss.m_ticks_elapsed_q_write_ind
                0x0000000100005215        0x1
 .bss.m_ticks_elapsed_q_write_ind
                0x0000000100005215        0x1 Output/Release/Obj/BLE_Demo/app_timer.o

.bss.m_ticks_latest
                0x0000000100005218        0x4
 .bss.m_ticks_latest
                0x0000000100005218        0x4 Output/Release/Obj/BLE_Demo/app_timer.o

.bss.mp_timer_id_head
                0x000000010000521c        0x4
 .bss.mp_timer_id_head
                0x000000010000521c        0x4 Output/Release/Obj/BLE_Demo/app_timer.o

.bss.nrf_nvic_state
                0x0000000100005220        0xc
 .bss.nrf_nvic_state
                0x0000000100005220        0xc Output/Release/Obj/BLE_Demo/app_util_platform.o
                0x0000000100005220                nrf_nvic_state

.bss.m_handlers_iter
                0x000000010000522c        0x8
 .bss.m_handlers_iter
                0x000000010000522c        0x8 Output/Release/Obj/BLE_Demo/nrf_pwr_mgmt.o

.bss.m_shutdown_started
                0x0000000100005234        0x1
 .bss.m_shutdown_started
                0x0000000100005234        0x1 Output/Release/Obj/BLE_Demo/nrf_pwr_mgmt.o

.bss.m_sysoff_mtx
                0x0000000100005238        0x4
 .bss.m_sysoff_mtx
                0x0000000100005238        0x4 Output/Release/Obj/BLE_Demo/nrf_pwr_mgmt.o

.bss.m_contexts
                0x000000010000523c        0x4
 .bss.m_contexts
                0x000000010000523c        0x4 Output/Release/Obj/BLE_Demo/nrf_drv_uart.o

.bss.m_handlers
                0x0000000100005240        0x4
 .bss.m_handlers
                0x0000000100005240        0x4 Output/Release/Obj/BLE_Demo/nrf_drv_uart.o

.bss.nrf_drv_uart_use_easy_dma
                0x0000000100005244        0x1
 .bss.nrf_drv_uart_use_easy_dma
                0x0000000100005244        0x1 Output/Release/Obj/BLE_Demo/nrf_drv_uart.o
                0x0000000100005244                nrf_drv_uart_use_easy_dma

.bss.m_clock_cb
                0x0000000100005248        0x8
 .bss.m_clock_cb
                0x0000000100005248        0x8 Output/Release/Obj/BLE_Demo/nrfx_clock.o

.bss.m_cb       0x0000000100005250       0xac
 .bss.m_cb      0x0000000100005250       0x5c Output/Release/Obj/BLE_Demo/nrfx_gpiote.o
 .bss.m_cb      0x00000001000052ac       0x2c Output/Release/Obj/BLE_Demo/nrfx_uart.o
 .bss.m_cb      0x00000001000052d8       0x24 Output/Release/Obj/BLE_Demo/nrfx_uarte.o

.bss.m_prs_box_4
                0x00000001000052fc        0x8
 .bss.m_prs_box_4
                0x00000001000052fc        0x8 Output/Release/Obj/BLE_Demo/nrfx_prs.o

.bss.m_enc_advdata
                0x0000000100005304       0x1f
 .bss.m_enc_advdata
                0x0000000100005304       0x1f Output/Release/Obj/BLE_Demo/main.o

.bss.m_enc_scan_response_data
                0x0000000100005323       0x1f
 .bss.m_enc_scan_response_data
                0x0000000100005323       0x1f Output/Release/Obj/BLE_Demo/main.o

.bss.m_gatt     0x0000000100005344       0x14
 .bss.m_gatt    0x0000000100005344       0x14 Output/Release/Obj/BLE_Demo/main.o

.bss.m_lbs      0x0000000100005358       0x18
 .bss.m_lbs     0x0000000100005358       0x18 Output/Release/Obj/BLE_Demo/main.o

.bss.m_qwr      0x0000000100005370        0xc
 .bss.m_qwr     0x0000000100005370        0xc Output/Release/Obj/BLE_Demo/main.o

.bss.m_conn_params_config
                0x000000010000537c       0x1c
 .bss.m_conn_params_config
                0x000000010000537c       0x1c Output/Release/Obj/BLE_Demo/ble_conn_params.o

.bss.m_conn_params_instances
                0x0000000100005398       0x14
 .bss.m_conn_params_instances
                0x0000000100005398       0x14 Output/Release/Obj/BLE_Demo/ble_conn_params.o

.bss.m_preferred_conn_params
                0x00000001000053ac        0x8
 .bss.m_preferred_conn_params
                0x00000001000053ac        0x8 Output/Release/Obj/BLE_Demo/ble_conn_params.o

.bss.m_timer_data
                0x00000001000053b4       0x20
 .bss.m_timer_data
                0x00000001000053b4       0x20 Output/Release/Obj/BLE_Demo/ble_conn_params.o

.bss.m_nrf_sdh_continue
                0x00000001000053d4        0x1
 .bss.m_nrf_sdh_continue
                0x00000001000053d4        0x1 Output/Release/Obj/BLE_Demo/nrf_sdh.o

.bss.m_nrf_sdh_enabled
                0x00000001000053d5        0x1
 .bss.m_nrf_sdh_enabled
                0x00000001000053d5        0x1 Output/Release/Obj/BLE_Demo/nrf_sdh.o

.bss.m_nrf_sdh_suspended
                0x00000001000053d6        0x1
 .bss.m_nrf_sdh_suspended
                0x00000001000053d6        0x1 Output/Release/Obj/BLE_Demo/nrf_sdh.o

.bss.m_stack_is_enabled
                0x00000001000053d7        0x1
 .bss.m_stack_is_enabled
                0x00000001000053d7        0x1 Output/Release/Obj/BLE_Demo/nrf_sdh_ble.o

.ARM.attributes
                0x0000000000000000       0x35
 .ARM.attributes
                0x0000000000000000       0x25 Output/Release/Obj/BLE_Demo/thumb_crt0.o
 .ARM.attributes
                0x0000000000000025       0x39 Output/Release/Obj/BLE_Demo/nrf_log_backend_serial.o
 .ARM.attributes
                0x000000000000005e       0x39 Output/Release/Obj/BLE_Demo/nrf_log_backend_uart.o
 .ARM.attributes
                0x0000000000000097       0x39 Output/Release/Obj/BLE_Demo/nrf_log_default_backends.o
 .ARM.attributes
                0x00000000000000d0       0x39 Output/Release/Obj/BLE_Demo/nrf_log_frontend.o
 .ARM.attributes
                0x0000000000000109       0x39 Output/Release/Obj/BLE_Demo/nrf_log_str_formatter.o
 .ARM.attributes
                0x0000000000000142       0x39 Output/Release/Obj/BLE_Demo/app_button.o
 .ARM.attributes
                0x000000000000017b       0x39 Output/Release/Obj/BLE_Demo/app_error.o
 .ARM.attributes
                0x00000000000001b4       0x39 Output/Release/Obj/BLE_Demo/app_error_weak.o
 .ARM.attributes
                0x00000000000001ed       0x39 Output/Release/Obj/BLE_Demo/app_timer.o
 .ARM.attributes
                0x0000000000000226       0x39 Output/Release/Obj/BLE_Demo/app_util_platform.o
 .ARM.attributes
                0x000000000000025f       0x39 Output/Release/Obj/BLE_Demo/nrf_atomic.o
 .ARM.attributes
                0x0000000000000298       0x39 Output/Release/Obj/BLE_Demo/nrf_balloc.o
 .ARM.attributes
                0x00000000000002d1       0x39 Output/Release/Obj/BLE_Demo/nrf_fprintf.o
 .ARM.attributes
                0x000000000000030a       0x39 Output/Release/Obj/BLE_Demo/nrf_fprintf_format.o
 .ARM.attributes
                0x0000000000000343       0x39 Output/Release/Obj/BLE_Demo/nrf_memobj.o
 .ARM.attributes
                0x000000000000037c       0x39 Output/Release/Obj/BLE_Demo/nrf_pwr_mgmt.o
 .ARM.attributes
                0x00000000000003b5       0x39 Output/Release/Obj/BLE_Demo/nrf_ringbuf.o
 .ARM.attributes
                0x00000000000003ee       0x39 Output/Release/Obj/BLE_Demo/nrf_section_iter.o
 .ARM.attributes
                0x0000000000000427       0x39 Output/Release/Obj/BLE_Demo/nrf_strerror.o
 .ARM.attributes
                0x0000000000000460       0x25 Output/Release/Obj/BLE_Demo/ses_startup_nrf52.o
 .ARM.attributes
                0x0000000000000485       0x25 Output/Release/Obj/BLE_Demo/ses_startup_nrf_common.o
 .ARM.attributes
                0x00000000000004aa       0x39 Output/Release/Obj/BLE_Demo/system_nrf52.o
 .ARM.attributes
                0x00000000000004e3       0x39 Output/Release/Obj/BLE_Demo/boards.o
 .ARM.attributes
                0x000000000000051c       0x39 Output/Release/Obj/BLE_Demo/nrf_drv_uart.o
 .ARM.attributes
                0x0000000000000555       0x39 Output/Release/Obj/BLE_Demo/nrfx_clock.o
 .ARM.attributes
                0x000000000000058e       0x39 Output/Release/Obj/BLE_Demo/nrfx_gpiote.o
 .ARM.attributes
                0x00000000000005c7       0x39 Output/Release/Obj/BLE_Demo/nrfx_prs.o
 .ARM.attributes
                0x0000000000000600       0x39 Output/Release/Obj/BLE_Demo/nrfx_uart.o
 .ARM.attributes
                0x0000000000000639       0x39 Output/Release/Obj/BLE_Demo/nrfx_uarte.o
 .ARM.attributes
                0x0000000000000672       0x39 Output/Release/Obj/BLE_Demo/main.o
 .ARM.attributes
                0x00000000000006ab       0x39 Output/Release/Obj/BLE_Demo/ble_advdata.o
 .ARM.attributes
                0x00000000000006e4       0x39 Output/Release/Obj/BLE_Demo/ble_conn_params.o
 .ARM.attributes
                0x000000000000071d       0x39 Output/Release/Obj/BLE_Demo/ble_srv_common.o
 .ARM.attributes
                0x0000000000000756       0x39 Output/Release/Obj/BLE_Demo/nrf_ble_gatt.o
 .ARM.attributes
                0x000000000000078f       0x39 Output/Release/Obj/BLE_Demo/nrf_ble_qwr.o
 .ARM.attributes
                0x00000000000007c8       0x39 Output/Release/Obj/BLE_Demo/ble_lbs.o
 .ARM.attributes
                0x0000000000000801       0x39 Output/Release/Obj/BLE_Demo/nrf_sdh.o
 .ARM.attributes
                0x000000000000083a       0x39 Output/Release/Obj/BLE_Demo/nrf_sdh_ble.o
 .ARM.attributes
                0x0000000000000873       0x34 /Applications/SEGGER Embedded Studio for ARM 5.20/lib/libc_v7em_fpv4_sp_d16_hard_t_le_eabi.a(libc2.o)
 .ARM.attributes
                0x00000000000008a7       0x20 /Applications/SEGGER Embedded Studio for ARM 5.20/lib/libc_v7em_fpv4_sp_d16_hard_t_le_eabi.a(libc2_asm.o)

.comment        0x0000000000000000       0x24
 .comment       0x0000000000000000       0x24 Output/Release/Obj/BLE_Demo/nrf_log_backend_serial.o
                                         0x25 (size before relaxing)
 .comment       0x0000000000000024       0x25 Output/Release/Obj/BLE_Demo/nrf_log_backend_uart.o
 .comment       0x0000000000000024       0x25 Output/Release/Obj/BLE_Demo/nrf_log_default_backends.o
 .comment       0x0000000000000024       0x25 Output/Release/Obj/BLE_Demo/nrf_log_frontend.o
 .comment       0x0000000000000024       0x25 Output/Release/Obj/BLE_Demo/nrf_log_str_formatter.o
 .comment       0x0000000000000024       0x25 Output/Release/Obj/BLE_Demo/app_button.o
 .comment       0x0000000000000024       0x25 Output/Release/Obj/BLE_Demo/app_error.o
 .comment       0x0000000000000024       0x25 Output/Release/Obj/BLE_Demo/app_error_weak.o
 .comment       0x0000000000000024       0x25 Output/Release/Obj/BLE_Demo/app_timer.o
 .comment       0x0000000000000024       0x25 Output/Release/Obj/BLE_Demo/app_util_platform.o
 .comment       0x0000000000000024       0x25 Output/Release/Obj/BLE_Demo/nrf_atomic.o
 .comment       0x0000000000000024       0x25 Output/Release/Obj/BLE_Demo/nrf_balloc.o
 .comment       0x0000000000000024       0x25 Output/Release/Obj/BLE_Demo/nrf_fprintf.o
 .comment       0x0000000000000024       0x25 Output/Release/Obj/BLE_Demo/nrf_fprintf_format.o
 .comment       0x0000000000000024       0x25 Output/Release/Obj/BLE_Demo/nrf_memobj.o
 .comment       0x0000000000000024       0x25 Output/Release/Obj/BLE_Demo/nrf_pwr_mgmt.o
 .comment       0x0000000000000024       0x25 Output/Release/Obj/BLE_Demo/nrf_ringbuf.o
 .comment       0x0000000000000024       0x25 Output/Release/Obj/BLE_Demo/nrf_section_iter.o
 .comment       0x0000000000000024       0x25 Output/Release/Obj/BLE_Demo/nrf_strerror.o
 .comment       0x0000000000000024       0x25 Output/Release/Obj/BLE_Demo/system_nrf52.o
 .comment       0x0000000000000024       0x25 Output/Release/Obj/BLE_Demo/boards.o
 .comment       0x0000000000000024       0x25 Output/Release/Obj/BLE_Demo/nrf_drv_uart.o
 .comment       0x0000000000000024       0x25 Output/Release/Obj/BLE_Demo/nrfx_clock.o
 .comment       0x0000000000000024       0x25 Output/Release/Obj/BLE_Demo/nrfx_gpiote.o
 .comment       0x0000000000000024       0x25 Output/Release/Obj/BLE_Demo/nrfx_prs.o
 .comment       0x0000000000000024       0x25 Output/Release/Obj/BLE_Demo/nrfx_uart.o
 .comment       0x0000000000000024       0x25 Output/Release/Obj/BLE_Demo/nrfx_uarte.o
 .comment       0x0000000000000024       0x25 Output/Release/Obj/BLE_Demo/main.o
 .comment       0x0000000000000024       0x25 Output/Release/Obj/BLE_Demo/ble_advdata.o
 .comment       0x0000000000000024       0x25 Output/Release/Obj/BLE_Demo/ble_conn_params.o
 .comment       0x0000000000000024       0x25 Output/Release/Obj/BLE_Demo/ble_srv_common.o
 .comment       0x0000000000000024       0x25 Output/Release/Obj/BLE_Demo/nrf_ble_gatt.o
 .comment       0x0000000000000024       0x25 Output/Release/Obj/BLE_Demo/nrf_ble_qwr.o
 .comment       0x0000000000000024       0x25 Output/Release/Obj/BLE_Demo/ble_lbs.o
 .comment       0x0000000000000024       0x25 Output/Release/Obj/BLE_Demo/nrf_sdh.o
 .comment       0x0000000000000024       0x25 Output/Release/Obj/BLE_Demo/nrf_sdh_ble.o
 .comment       0x0000000000000024       0x25 /Applications/SEGGER Embedded Studio for ARM 5.20/lib/libc_v7em_fpv4_sp_d16_hard_t_le_eabi.a(libc2.o)

.debug_line     0x0000000000000000    0x18b7b
 .debug_line    0x0000000000000000      0x213 Output/Release/Obj/BLE_Demo/thumb_crt0.o
 .debug_line    0x0000000000000213      0x791 Output/Release/Obj/BLE_Demo/nrf_log_backend_serial.o
 .debug_line    0x00000000000009a4      0xae5 Output/Release/Obj/BLE_Demo/nrf_log_backend_uart.o
 .debug_line    0x0000000000001489      0x679 Output/Release/Obj/BLE_Demo/nrf_log_default_backends.o
 .debug_line    0x0000000000001b02     0x13ac Output/Release/Obj/BLE_Demo/nrf_log_frontend.o
 .debug_line    0x0000000000002eae      0x8a2 Output/Release/Obj/BLE_Demo/nrf_log_str_formatter.o
 .debug_line    0x0000000000003750      0xa91 Output/Release/Obj/BLE_Demo/app_button.o
 .debug_line    0x00000000000041e1      0x3c4 Output/Release/Obj/BLE_Demo/app_error.o
 .debug_line    0x00000000000045a5      0x790 Output/Release/Obj/BLE_Demo/app_error_weak.o
 .debug_line    0x0000000000004d35     0x12a5 Output/Release/Obj/BLE_Demo/app_timer.o
 .debug_line    0x0000000000005fda      0x600 Output/Release/Obj/BLE_Demo/app_util_platform.o
 .debug_line    0x00000000000065da      0x71f Output/Release/Obj/BLE_Demo/nrf_atomic.o
 .debug_line    0x0000000000006cf9      0x79f Output/Release/Obj/BLE_Demo/nrf_balloc.o
 .debug_line    0x0000000000007498      0x45b Output/Release/Obj/BLE_Demo/nrf_fprintf.o
 .debug_line    0x00000000000078f3      0x8b9 Output/Release/Obj/BLE_Demo/nrf_fprintf_format.o
 .debug_line    0x00000000000081ac      0x8d9 Output/Release/Obj/BLE_Demo/nrf_memobj.o
 .debug_line    0x0000000000008a85      0xe1c Output/Release/Obj/BLE_Demo/nrf_pwr_mgmt.o
 .debug_line    0x00000000000098a1      0x818 Output/Release/Obj/BLE_Demo/nrf_ringbuf.o
 .debug_line    0x000000000000a0b9      0x47d Output/Release/Obj/BLE_Demo/nrf_section_iter.o
 .debug_line    0x000000000000a536      0x451 Output/Release/Obj/BLE_Demo/nrf_strerror.o
 .debug_line    0x000000000000a987       0x83 Output/Release/Obj/BLE_Demo/ses_startup_nrf52.o
 .debug_line    0x000000000000aa0a       0xa7 Output/Release/Obj/BLE_Demo/ses_startup_nrf_common.o
 .debug_line    0x000000000000aab1      0x612 Output/Release/Obj/BLE_Demo/system_nrf52.o
 .debug_line    0x000000000000b0c3      0xbf9 Output/Release/Obj/BLE_Demo/boards.o
 .debug_line    0x000000000000bcbc      0x76d Output/Release/Obj/BLE_Demo/nrf_drv_uart.o
 .debug_line    0x000000000000c429      0xdbc Output/Release/Obj/BLE_Demo/nrfx_clock.o
 .debug_line    0x000000000000d1e5     0x1ca5 Output/Release/Obj/BLE_Demo/nrfx_gpiote.o
 .debug_line    0x000000000000ee8a      0x880 Output/Release/Obj/BLE_Demo/nrfx_prs.o
 .debug_line    0x000000000000f70a     0x18a8 Output/Release/Obj/BLE_Demo/nrfx_uart.o
 .debug_line    0x0000000000010fb2     0x16b4 Output/Release/Obj/BLE_Demo/nrfx_uarte.o
 .debug_line    0x0000000000012666     0x1384 Output/Release/Obj/BLE_Demo/main.o
 .debug_line    0x00000000000139ea      0xf9b Output/Release/Obj/BLE_Demo/ble_advdata.o
 .debug_line    0x0000000000014985      0xb36 Output/Release/Obj/BLE_Demo/ble_conn_params.o
 .debug_line    0x00000000000154bb      0x72e Output/Release/Obj/BLE_Demo/ble_srv_common.o
 .debug_line    0x0000000000015be9      0xbaa Output/Release/Obj/BLE_Demo/nrf_ble_gatt.o
 .debug_line    0x0000000000016793      0x703 Output/Release/Obj/BLE_Demo/nrf_ble_qwr.o
 .debug_line    0x0000000000016e96      0x7fa Output/Release/Obj/BLE_Demo/ble_lbs.o
 .debug_line    0x0000000000017690      0xb00 Output/Release/Obj/BLE_Demo/nrf_sdh.o
 .debug_line    0x0000000000018190      0x9eb Output/Release/Obj/BLE_Demo/nrf_sdh_ble.o

.debug_info     0x0000000000000000    0x3b642
 .debug_info    0x0000000000000000       0x22 Output/Release/Obj/BLE_Demo/thumb_crt0.o
 .debug_info    0x0000000000000022      0xefd Output/Release/Obj/BLE_Demo/nrf_log_backend_serial.o
 .debug_info    0x0000000000000f1f     0x1901 Output/Release/Obj/BLE_Demo/nrf_log_backend_uart.o
 .debug_info    0x0000000000002820      0xa77 Output/Release/Obj/BLE_Demo/nrf_log_default_backends.o
 .debug_info    0x0000000000003297     0x2a28 Output/Release/Obj/BLE_Demo/nrf_log_frontend.o
 .debug_info    0x0000000000005cbf     0x1093 Output/Release/Obj/BLE_Demo/nrf_log_str_formatter.o
 .debug_info    0x0000000000006d52      0xd2d Output/Release/Obj/BLE_Demo/app_button.o
 .debug_info    0x0000000000007a7f      0x876 Output/Release/Obj/BLE_Demo/app_error.o
 .debug_info    0x00000000000082f5      0xcff Output/Release/Obj/BLE_Demo/app_error_weak.o
 .debug_info    0x0000000000008ff4     0x2293 Output/Release/Obj/BLE_Demo/app_timer.o
 .debug_info    0x000000000000b287      0xfbd Output/Release/Obj/BLE_Demo/app_util_platform.o
 .debug_info    0x000000000000c244      0xeea Output/Release/Obj/BLE_Demo/nrf_atomic.o
 .debug_info    0x000000000000d12e      0xb67 Output/Release/Obj/BLE_Demo/nrf_balloc.o
 .debug_info    0x000000000000dc95      0x7eb Output/Release/Obj/BLE_Demo/nrf_fprintf.o
 .debug_info    0x000000000000e480      0xcc4 Output/Release/Obj/BLE_Demo/nrf_fprintf_format.o
 .debug_info    0x000000000000f144     0x104c Output/Release/Obj/BLE_Demo/nrf_memobj.o
 .debug_info    0x0000000000010190     0x1b2d Output/Release/Obj/BLE_Demo/nrf_pwr_mgmt.o
 .debug_info    0x0000000000011cbd      0xc70 Output/Release/Obj/BLE_Demo/nrf_ringbuf.o
 .debug_info    0x000000000001292d      0x75b Output/Release/Obj/BLE_Demo/nrf_section_iter.o
 .debug_info    0x0000000000013088      0x7aa Output/Release/Obj/BLE_Demo/nrf_strerror.o
 .debug_info    0x0000000000013832       0x26 Output/Release/Obj/BLE_Demo/ses_startup_nrf52.o
 .debug_info    0x0000000000013858       0x26 Output/Release/Obj/BLE_Demo/ses_startup_nrf_common.o
 .debug_info    0x000000000001387e     0x1202 Output/Release/Obj/BLE_Demo/system_nrf52.o
 .debug_info    0x0000000000014a80     0x1255 Output/Release/Obj/BLE_Demo/boards.o
 .debug_info    0x0000000000015cd5     0x17cc Output/Release/Obj/BLE_Demo/nrf_drv_uart.o
 .debug_info    0x00000000000174a1     0x1a91 Output/Release/Obj/BLE_Demo/nrfx_clock.o
 .debug_info    0x0000000000018f32     0x3969 Output/Release/Obj/BLE_Demo/nrfx_gpiote.o
 .debug_info    0x000000000001c89b      0xedb Output/Release/Obj/BLE_Demo/nrfx_prs.o
 .debug_info    0x000000000001d776     0x37e9 Output/Release/Obj/BLE_Demo/nrfx_uart.o
 .debug_info    0x0000000000020f5f     0x3746 Output/Release/Obj/BLE_Demo/nrfx_uarte.o
 .debug_info    0x00000000000246a5     0x4577 Output/Release/Obj/BLE_Demo/main.o
 .debug_info    0x0000000000028c1c     0x2099 Output/Release/Obj/BLE_Demo/ble_advdata.o
 .debug_info    0x000000000002acb5     0x2f00 Output/Release/Obj/BLE_Demo/ble_conn_params.o
 .debug_info    0x000000000002dbb5     0x1319 Output/Release/Obj/BLE_Demo/ble_srv_common.o
 .debug_info    0x000000000002eece     0x2f5c Output/Release/Obj/BLE_Demo/nrf_ble_gatt.o
 .debug_info    0x0000000000031e2a     0x2648 Output/Release/Obj/BLE_Demo/nrf_ble_qwr.o
 .debug_info    0x0000000000034472     0x283b Output/Release/Obj/BLE_Demo/ble_lbs.o
 .debug_info    0x0000000000036cad     0x1838 Output/Release/Obj/BLE_Demo/nrf_sdh.o
 .debug_info    0x00000000000384e5     0x315d Output/Release/Obj/BLE_Demo/nrf_sdh_ble.o

.debug_abbrev   0x0000000000000000     0x7e13
 .debug_abbrev  0x0000000000000000       0x12 Output/Release/Obj/BLE_Demo/thumb_crt0.o
 .debug_abbrev  0x0000000000000012      0x26b Output/Release/Obj/BLE_Demo/nrf_log_backend_serial.o
 .debug_abbrev  0x000000000000027d      0x38e Output/Release/Obj/BLE_Demo/nrf_log_backend_uart.o
 .debug_abbrev  0x000000000000060b      0x206 Output/Release/Obj/BLE_Demo/nrf_log_default_backends.o
 .debug_abbrev  0x0000000000000811      0x600 Output/Release/Obj/BLE_Demo/nrf_log_frontend.o
 .debug_abbrev  0x0000000000000e11      0x2b5 Output/Release/Obj/BLE_Demo/nrf_log_str_formatter.o
 .debug_abbrev  0x00000000000010c6      0x28c Output/Release/Obj/BLE_Demo/app_button.o
 .debug_abbrev  0x0000000000001352      0x1d8 Output/Release/Obj/BLE_Demo/app_error.o
 .debug_abbrev  0x000000000000152a      0x26a Output/Release/Obj/BLE_Demo/app_error_weak.o
 .debug_abbrev  0x0000000000001794      0x577 Output/Release/Obj/BLE_Demo/app_timer.o
 .debug_abbrev  0x0000000000001d0b      0x36a Output/Release/Obj/BLE_Demo/app_util_platform.o
 .debug_abbrev  0x0000000000002075      0x25a Output/Release/Obj/BLE_Demo/nrf_atomic.o
 .debug_abbrev  0x00000000000022cf      0x2a7 Output/Release/Obj/BLE_Demo/nrf_balloc.o
 .debug_abbrev  0x0000000000002576      0x1de Output/Release/Obj/BLE_Demo/nrf_fprintf.o
 .debug_abbrev  0x0000000000002754      0x337 Output/Release/Obj/BLE_Demo/nrf_fprintf_format.o
 .debug_abbrev  0x0000000000002a8b      0x281 Output/Release/Obj/BLE_Demo/nrf_memobj.o
 .debug_abbrev  0x0000000000002d0c      0x49e Output/Release/Obj/BLE_Demo/nrf_pwr_mgmt.o
 .debug_abbrev  0x00000000000031aa      0x1e7 Output/Release/Obj/BLE_Demo/nrf_ringbuf.o
 .debug_abbrev  0x0000000000003391      0x15e Output/Release/Obj/BLE_Demo/nrf_section_iter.o
 .debug_abbrev  0x00000000000034ef      0x1a1 Output/Release/Obj/BLE_Demo/nrf_strerror.o
 .debug_abbrev  0x0000000000003690       0x14 Output/Release/Obj/BLE_Demo/ses_startup_nrf52.o
 .debug_abbrev  0x00000000000036a4       0x14 Output/Release/Obj/BLE_Demo/ses_startup_nrf_common.o
 .debug_abbrev  0x00000000000036b8      0x24b Output/Release/Obj/BLE_Demo/system_nrf52.o
 .debug_abbrev  0x0000000000003903      0x371 Output/Release/Obj/BLE_Demo/boards.o
 .debug_abbrev  0x0000000000003c74      0x274 Output/Release/Obj/BLE_Demo/nrf_drv_uart.o
 .debug_abbrev  0x0000000000003ee8      0x481 Output/Release/Obj/BLE_Demo/nrfx_clock.o
 .debug_abbrev  0x0000000000004369      0x5c0 Output/Release/Obj/BLE_Demo/nrfx_gpiote.o
 .debug_abbrev  0x0000000000004929      0x2f9 Output/Release/Obj/BLE_Demo/nrfx_prs.o
 .debug_abbrev  0x0000000000004c22      0x59d Output/Release/Obj/BLE_Demo/nrfx_uart.o
 .debug_abbrev  0x00000000000051bf      0x520 Output/Release/Obj/BLE_Demo/nrfx_uarte.o
 .debug_abbrev  0x00000000000056df      0x4b4 Output/Release/Obj/BLE_Demo/main.o
 .debug_abbrev  0x0000000000005b93      0x439 Output/Release/Obj/BLE_Demo/ble_advdata.o
 .debug_abbrev  0x0000000000005fcc      0x598 Output/Release/Obj/BLE_Demo/ble_conn_params.o
 .debug_abbrev  0x0000000000006564      0x313 Output/Release/Obj/BLE_Demo/ble_srv_common.o
 .debug_abbrev  0x0000000000006877      0x4d3 Output/Release/Obj/BLE_Demo/nrf_ble_gatt.o
 .debug_abbrev  0x0000000000006d4a      0x3cc Output/Release/Obj/BLE_Demo/nrf_ble_qwr.o
 .debug_abbrev  0x0000000000007116      0x39c Output/Release/Obj/BLE_Demo/ble_lbs.o
 .debug_abbrev  0x00000000000074b2      0x4eb Output/Release/Obj/BLE_Demo/nrf_sdh.o
 .debug_abbrev  0x000000000000799d      0x476 Output/Release/Obj/BLE_Demo/nrf_sdh_ble.o

.debug_aranges  0x0000000000000000      0xdc8
 .debug_aranges
                0x0000000000000000       0x98 Output/Release/Obj/BLE_Demo/thumb_crt0.o
 .debug_aranges
                0x0000000000000098       0x20 Output/Release/Obj/BLE_Demo/nrf_log_backend_serial.o
 .debug_aranges
                0x00000000000000b8       0x50 Output/Release/Obj/BLE_Demo/nrf_log_backend_uart.o
 .debug_aranges
                0x0000000000000108       0x20 Output/Release/Obj/BLE_Demo/nrf_log_default_backends.o
 .debug_aranges
                0x0000000000000128       0xd0 Output/Release/Obj/BLE_Demo/nrf_log_frontend.o
 .debug_aranges
                0x00000000000001f8       0x40 Output/Release/Obj/BLE_Demo/nrf_log_str_formatter.o
 .debug_aranges
                0x0000000000000238       0x48 Output/Release/Obj/BLE_Demo/app_button.o
 .debug_aranges
                0x0000000000000280       0x28 Output/Release/Obj/BLE_Demo/app_error.o
 .debug_aranges
                0x00000000000002a8       0x20 Output/Release/Obj/BLE_Demo/app_error_weak.o
 .debug_aranges
                0x00000000000002c8       0x90 Output/Release/Obj/BLE_Demo/app_timer.o
 .debug_aranges
                0x0000000000000358       0x48 Output/Release/Obj/BLE_Demo/app_util_platform.o
 .debug_aranges
                0x00000000000003a0       0xb0 Output/Release/Obj/BLE_Demo/nrf_atomic.o
 .debug_aranges
                0x0000000000000450       0x30 Output/Release/Obj/BLE_Demo/nrf_balloc.o
 .debug_aranges
                0x0000000000000480       0x28 Output/Release/Obj/BLE_Demo/nrf_fprintf.o
 .debug_aranges
                0x00000000000004a8       0x30 Output/Release/Obj/BLE_Demo/nrf_fprintf_format.o
 .debug_aranges
                0x00000000000004d8       0x58 Output/Release/Obj/BLE_Demo/nrf_memobj.o
 .debug_aranges
                0x0000000000000530       0x48 Output/Release/Obj/BLE_Demo/nrf_pwr_mgmt.o
 .debug_aranges
                0x0000000000000578       0x50 Output/Release/Obj/BLE_Demo/nrf_ringbuf.o
 .debug_aranges
                0x00000000000005c8       0x28 Output/Release/Obj/BLE_Demo/nrf_section_iter.o
 .debug_aranges
                0x00000000000005f0       0x28 Output/Release/Obj/BLE_Demo/nrf_strerror.o
 .debug_aranges
                0x0000000000000618       0x20 Output/Release/Obj/BLE_Demo/ses_startup_nrf52.o
 .debug_aranges
                0x0000000000000638       0x20 Output/Release/Obj/BLE_Demo/ses_startup_nrf_common.o
 .debug_aranges
                0x0000000000000658       0x38 Output/Release/Obj/BLE_Demo/system_nrf52.o
 .debug_aranges
                0x0000000000000690       0x78 Output/Release/Obj/BLE_Demo/boards.o
 .debug_aranges
                0x0000000000000708       0x30 Output/Release/Obj/BLE_Demo/nrf_drv_uart.o
 .debug_aranges
                0x0000000000000738       0x78 Output/Release/Obj/BLE_Demo/nrfx_clock.o
 .debug_aranges
                0x00000000000007b0       0xf8 Output/Release/Obj/BLE_Demo/nrfx_gpiote.o
 .debug_aranges
                0x00000000000008a8       0x30 Output/Release/Obj/BLE_Demo/nrfx_prs.o
 .debug_aranges
                0x00000000000008d8       0xa0 Output/Release/Obj/BLE_Demo/nrfx_uart.o
 .debug_aranges
                0x0000000000000978       0x78 Output/Release/Obj/BLE_Demo/nrfx_uarte.o
 .debug_aranges
                0x00000000000009f0       0x98 Output/Release/Obj/BLE_Demo/main.o
 .debug_aranges
                0x0000000000000a88       0x80 Output/Release/Obj/BLE_Demo/ble_advdata.o
 .debug_aranges
                0x0000000000000b08       0x80 Output/Release/Obj/BLE_Demo/ble_conn_params.o
 .debug_aranges
                0x0000000000000b88       0x60 Output/Release/Obj/BLE_Demo/ble_srv_common.o
 .debug_aranges
                0x0000000000000be8       0x70 Output/Release/Obj/BLE_Demo/nrf_ble_gatt.o
 .debug_aranges
                0x0000000000000c58       0x48 Output/Release/Obj/BLE_Demo/nrf_ble_qwr.o
 .debug_aranges
                0x0000000000000ca0       0x48 Output/Release/Obj/BLE_Demo/ble_lbs.o
 .debug_aranges
                0x0000000000000ce8       0x90 Output/Release/Obj/BLE_Demo/nrf_sdh.o
 .debug_aranges
                0x0000000000000d78       0x50 Output/Release/Obj/BLE_Demo/nrf_sdh_ble.o

.debug_str      0x0000000000000000    0x8f9b0
 .debug_str     0x0000000000000000       0x7e Output/Release/Obj/BLE_Demo/thumb_crt0.o
 .debug_str     0x000000000000007e    0x702f3 Output/Release/Obj/BLE_Demo/nrf_log_backend_serial.o
                                      0x72311 (size before relaxing)
 .debug_str     0x0000000000070371     0x8528 Output/Release/Obj/BLE_Demo/nrf_log_backend_uart.o
                                      0x7a30c (size before relaxing)
 .debug_str     0x0000000000078899      0x12b Output/Release/Obj/BLE_Demo/nrf_log_default_backends.o
                                      0x720cd (size before relaxing)
 .debug_str     0x00000000000789c4     0x1381 Output/Release/Obj/BLE_Demo/nrf_log_frontend.o
                                      0x7357f (size before relaxing)
 .debug_str     0x0000000000079d45      0x2e8 Output/Release/Obj/BLE_Demo/nrf_log_str_formatter.o
                                      0x72463 (size before relaxing)
 .debug_str     0x000000000007a02d     0x164a Output/Release/Obj/BLE_Demo/app_button.o
                                      0x772ad (size before relaxing)
 .debug_str     0x000000000007b677      0x103 Output/Release/Obj/BLE_Demo/app_error.o
                                      0x5d292 (size before relaxing)
 .debug_str     0x000000000007b77a      0xa61 Output/Release/Obj/BLE_Demo/app_error_weak.o